def foo():
    yield

def foo():
    yield 42

def foo():
    yield True

def foo():
    yield a + b

def foo():
    yield foo(n)

def fact(n):
    yield n * fact(n-1)
===
Module
  body: [
    FunctionDef >> 'def foo()'
      name: 'foo'
      args: arguments
        args: [
        ]
        vararg: None
        kwarg: None
        defaults: [
        ]
      body: [
        Expr
          value: Yield >> 'yield'
            value: None
      ]
      decorator_list: [
      ]
    FunctionDef >> 'def foo()'
      name: 'foo'
      args: arguments
        args: [
        ]
        vararg: None
        kwarg: None
        defaults: [
        ]
      body: [
        Expr
          value: Yield >> 'yield 42'
            value: Num >> '42'
              n: 42
      ]
      decorator_list: [
      ]
    FunctionDef >> 'def foo()'
      name: 'foo'
      args: arguments
        args: [
        ]
        vararg: None
        kwarg: None
        defaults: [
        ]
      body: [
        Expr
          value: Yield >> 'yield True'
            value: Name >> 'True'
              id: 'True'
              ctx: Load
      ]
      decorator_list: [
      ]
    FunctionDef >> 'def foo()'
      name: 'foo'
      args: arguments
        args: [
        ]
        vararg: None
        kwarg: None
        defaults: [
        ]
      body: [
        Expr
          value: Yield >> 'yield a + b'
            value: BinOp >> 'a + b'
              left: Name >> 'a'
                id: 'a'
                ctx: Load
              op: Add
              right: Name >> 'b'
                id: 'b'
                ctx: Load
      ]
      decorator_list: [
      ]
    FunctionDef >> 'def foo()'
      name: 'foo'
      args: arguments
        args: [
        ]
        vararg: None
        kwarg: None
        defaults: [
        ]
      body: [
        Expr
          value: Yield >> 'yield foo(n)'
            value: Call >> 'foo(n)'
              func: Name >> 'foo'
                id: 'foo'
                ctx: Load
              args: [
                Name >> 'n'
                  id: 'n'
                  ctx: Load
              ]
              keywords: [
              ]
              starargs: None
              kwargs: None
      ]
      decorator_list: [
      ]
    FunctionDef >> 'def fact(n)'
      name: 'fact'
      args: arguments
        args: [
          Name >> 'n'
            id: 'n'
            ctx: Param
        ]
        vararg: None
        kwarg: None
        defaults: [
        ]
      body: [
        Expr
          value: Yield >> 'yield n * fact(n-1)'
            value: BinOp >> 'n * fact(n-1)'
              left: Name >> 'n'
                id: 'n'
                ctx: Load
              op: Mult
              right: Call >> 'fact(n-1)'
                func: Name >> 'fact'
                  id: 'fact'
                  ctx: Load
                args: [
                  BinOp >> 'n-1'
                    left: Name >> 'n'
                      id: 'n'
                      ctx: Load
                    op: Sub
                    right: Num >> '1'
                      n: 1
                ]
                keywords: [
                ]
                starargs: None
                kwargs: None
      ]
      decorator_list: [
      ]
  ]
--- JSON ---
{
  "contents": [
    {
      "contents": [
        {
          "id": "id_0", 
          "name": "foo", 
          "type": "FunctionDef", 
          "value": "def foo()"
        }, 
        {
          "id": "tid_1", 
          "type": "token", 
          "value": ":"
        }, 
        "\n    ", 
        {
          "contents": [
            {
              "contents": [
                {
                  "id": "tid_2", 
                  "type": "token", 
                  "value": "yield"
                }
              ], 
              "id": "id_0", 
              "type": "Yield"
            }
          ], 
          "id": "id_0", 
          "type": "Expr"
        }, 
        "\n\n", 
        {
          "id": "id_0", 
          "name": "foo", 
          "type": "FunctionDef", 
          "value": "def foo()"
        }, 
        {
          "id": "tid_3", 
          "type": "token", 
          "value": ":"
        }, 
        "\n    ", 
        {
          "contents": [
            {
              "contents": [
                {
                  "id": "tid_4", 
                  "type": "token", 
                  "value": "yield"
                }, 
                " ", 
                {
                  "id": "id_0", 
                  "type": "Num", 
                  "value": "42"
                }
              ], 
              "id": "id_0", 
              "type": "Yield"
            }
          ], 
          "id": "id_0", 
          "type": "Expr"
        }, 
        "\n\n", 
        {
          "id": "id_0", 
          "name": "foo", 
          "type": "FunctionDef", 
          "value": "def foo()"
        }, 
        {
          "id": "tid_5", 
          "type": "token", 
          "value": ":"
        }, 
        "\n    ", 
        {
          "contents": [
            {
              "contents": [
                {
                  "id": "tid_6", 
                  "type": "token", 
                  "value": "yield"
                }, 
                " ", 
                {
                  "ctx": "Load", 
                  "id": "id_0", 
                  "type": "Name", 
                  "value": "True"
                }
              ], 
              "id": "id_0", 
              "type": "Yield"
            }
          ], 
          "id": "id_0", 
          "type": "Expr"
        }, 
        "\n\n", 
        {
          "id": "id_0", 
          "name": "foo", 
          "type": "FunctionDef", 
          "value": "def foo()"
        }, 
        {
          "id": "tid_7", 
          "type": "token", 
          "value": ":"
        }, 
        "\n    ", 
        {
          "contents": [
            {
              "contents": [
                {
                  "id": "tid_8", 
                  "type": "token", 
                  "value": "yield"
                }, 
                " ", 
                {
                  "contents": [
                    {
                      "ctx": "Load", 
                      "id": "id_0", 
                      "type": "Name", 
                      "value": "a"
                    }, 
                    " ", 
                    {
                      "id": "tid_9", 
                      "type": "token", 
                      "value": "+"
                    }, 
                    " ", 
                    {
                      "ctx": "Load", 
                      "id": "id_0", 
                      "type": "Name", 
                      "value": "b"
                    }
                  ], 
                  "id": "id_0", 
                  "op": "Add", 
                  "type": "BinOp"
                }
              ], 
              "id": "id_0", 
              "type": "Yield"
            }
          ], 
          "id": "id_0", 
          "type": "Expr"
        }, 
        "\n\n", 
        {
          "id": "id_0", 
          "name": "foo", 
          "type": "FunctionDef", 
          "value": "def foo()"
        }, 
        {
          "id": "tid_10", 
          "type": "token", 
          "value": ":"
        }, 
        "\n    ", 
        {
          "contents": [
            {
              "contents": [
                {
                  "id": "tid_11", 
                  "type": "token", 
                  "value": "yield"
                }, 
                " ", 
                {
                  "contents": [
                    {
                      "ctx": "Load", 
                      "id": "id_0", 
                      "type": "Name", 
                      "value": "foo"
                    }, 
                    "(", 
                    {
                      "ctx": "Load", 
                      "id": "id_0", 
                      "type": "Name", 
                      "value": "n"
                    }, 
                    ")"
                  ], 
                  "id": "id_0", 
                  "type": "Call"
                }
              ], 
              "id": "id_0", 
              "type": "Yield"
            }
          ], 
          "id": "id_0", 
          "type": "Expr"
        }, 
        "\n\n", 
        {
          "contents": [
            "def fact(", 
            {
              "contents": [
                {
                  "ctx": "Param", 
                  "id": "id_0", 
                  "type": "Name", 
                  "value": "n"
                }
              ], 
              "id": "id_0", 
              "type": "arguments"
            }, 
            ")"
          ], 
          "id": "id_0", 
          "name": "fact", 
          "type": "FunctionDef"
        }, 
        {
          "id": "tid_12", 
          "type": "token", 
          "value": ":"
        }, 
        "\n    ", 
        {
          "contents": [
            {
              "contents": [
                {
                  "id": "tid_13", 
                  "type": "token", 
                  "value": "yield"
                }, 
                " ", 
                {
                  "contents": [
                    {
                      "ctx": "Load", 
                      "id": "id_0", 
                      "type": "Name", 
                      "value": "n"
                    }, 
                    " ", 
                    {
                      "id": "tid_14", 
                      "type": "token", 
                      "value": "*"
                    }, 
                    " ", 
                    {
                      "contents": [
                        {
                          "ctx": "Load", 
                          "id": "id_0", 
                          "type": "Name", 
                          "value": "fact"
                        }, 
                        "(", 
                        {
                          "contents": [
                            {
                              "ctx": "Load", 
                              "id": "id_0", 
                              "type": "Name", 
                              "value": "n"
                            }, 
                            {
                              "id": "tid_15", 
                              "type": "token", 
                              "value": "-"
                            }, 
                            {
                              "id": "id_0", 
                              "type": "Num", 
                              "value": "1"
                            }
                          ], 
                          "id": "id_0", 
                          "op": "Sub", 
                          "type": "BinOp"
                        }, 
                        ")"
                      ], 
                      "id": "id_0", 
                      "type": "Call"
                    }
                  ], 
                  "id": "id_0", 
                  "op": "Mult", 
                  "type": "BinOp"
                }
              ], 
              "id": "id_0", 
              "type": "Yield"
            }
          ], 
          "id": "id_0", 
          "type": "Expr"
        }
      ], 
      "id": "id_0", 
      "type": "Module"
    }, 
    "\n"
  ], 
  "id": "id_ROOT", 
  "type": "ROOT_NODE"
}
