x = (tokens[5] == 'male')
# this is currently broken since we don't properly track start_col and
# extent of 'tokens[5]'. If we did, then it would conflict with
# LOAD_NAME of 'tokens', since they start at the same column :(
===
Module
  body: [
    Assign >> "x = (tokens[5] == 'male'"
      targets: [
        Name >> 'x'
          id: 'x'
          ctx: Store
      ]
      value: Compare >> "tokens[5] == 'male'"
        left: Subscript >> 'tokens[5]'
          value: Name >> 'tokens'
            id: 'tokens'
            ctx: Load
          slice: Index >> '5'
            value: Num >> '5'
              n: 5
          ctx: Load
        ops: [
          Eq
        ]
        comparators: [
          Str >> "'male'"
            s: 'male'
        ]
  ]
--- JSON ---
{
  "contents": [
    {
      "contents": [
        {
          "contents": [
            {
              "ctx": "Store", 
              "id": "id_0", 
              "type": "Name", 
              "value": "x"
            }, 
            " = (", 
            {
              "contents": [
                {
                  "contents": [
                    {
                      "ctx": "Load", 
                      "id": "id_0", 
                      "type": "Name", 
                      "value": "tokens"
                    }, 
                    "[", 
                    {
                      "contents": [
                        {
                          "id": "id_0", 
                          "type": "Num", 
                          "value": "5"
                        }
                      ], 
                      "id": "id_0", 
                      "type": "Index"
                    }, 
                    "]"
                  ], 
                  "ctx": "Load", 
                  "id": "id_0", 
                  "type": "Subscript"
                }, 
                " ", 
                {
                  "id": "tid_1", 
                  "type": "token", 
                  "value": "=="
                }, 
                " ", 
                {
                  "id": "id_0", 
                  "type": "Str", 
                  "value": "'male'"
                }
              ], 
              "id": "id_0", 
              "ops": [
                "Eq"
              ], 
              "type": "Compare"
            }
          ], 
          "id": "id_0", 
          "type": "Assign"
        }
      ], 
      "id": "id_0", 
      "type": "Module"
    }, 
    ")\n", 
    {
      "id": "tid_2", 
      "type": "comment", 
      "value": "# this is currently broken since we don't properly track start_col and"
    }, 
    "\n", 
    {
      "id": "tid_3", 
      "type": "comment", 
      "value": "# extent of 'tokens[5]'. If we did, then it would conflict with"
    }, 
    "\n", 
    {
      "id": "tid_4", 
      "type": "comment", 
      "value": "# LOAD_NAME of 'tokens', since they start at the same column :("
    }, 
    "\n"
  ], 
  "id": "id_ROOT", 
  "type": "ROOT_NODE"
}
