# there's an asymmetry when combining an attribute load with a binary
# op, which looks ugly. it's hard to fix since if we extend the extent
# of foo.first_attr to start at 'foo', that would be the same start
# column as LOAD_NAME of 'foo', which would lead to a conflict unless we
# hack Py2crazy even more :/

x = foo.first_attr + bar.second_attr
#      ------------^----------------
===
Module
  body: [
    Assign >> 'x = foo.first_attr + bar.second_attr'
      targets: [
        Name >> 'x'
          id: 'x'
          ctx: Store
      ]
      value: BinOp >> 'foo.first_attr + bar.second_attr'
        left: Attribute >> 'foo.first_attr'
          value: Name >> 'foo'
            id: 'foo'
            ctx: Load
          attr: 'first_attr'
          ctx: Load
        op: Add
        right: Attribute >> 'bar.second_attr'
          value: Name >> 'bar'
            id: 'bar'
            ctx: Load
          attr: 'second_attr'
          ctx: Load
  ]
--- JSON ---
{
  "contents": [
    {
      "id": "tid_1", 
      "type": "comment", 
      "value": "# there's an asymmetry when combining an attribute load with a binary"
    }, 
    "\n", 
    {
      "id": "tid_2", 
      "type": "comment", 
      "value": "# op, which looks ugly. it's hard to fix since if we extend the extent"
    }, 
    "\n", 
    {
      "id": "tid_3", 
      "type": "comment", 
      "value": "# of foo.first_attr to start at 'foo', that would be the same start"
    }, 
    "\n", 
    {
      "id": "tid_4", 
      "type": "comment", 
      "value": "# column as LOAD_NAME of 'foo', which would lead to a conflict unless we"
    }, 
    "\n", 
    {
      "id": "tid_5", 
      "type": "comment", 
      "value": "# hack Py2crazy even more :/"
    }, 
    "\n\n", 
    {
      "contents": [
        {
          "contents": [
            {
              "ctx": "Store", 
              "id": "id_0", 
              "type": "Name", 
              "value": "x"
            }, 
            " ", 
            {
              "id": "tid_6", 
              "type": "token", 
              "value": "="
            }, 
            " ", 
            {
              "contents": [
                {
                  "attr": "first_attr", 
                  "contents": [
                    {
                      "ctx": "Load", 
                      "id": "id_0", 
                      "type": "Name", 
                      "value": "foo"
                    }, 
                    ".first_attr"
                  ], 
                  "ctx": "Load", 
                  "id": "id_0", 
                  "type": "Attribute"
                }, 
                " ", 
                {
                  "id": "tid_7", 
                  "type": "token", 
                  "value": "+"
                }, 
                " ", 
                {
                  "attr": "second_attr", 
                  "contents": [
                    {
                      "ctx": "Load", 
                      "id": "id_0", 
                      "type": "Name", 
                      "value": "bar"
                    }, 
                    ".second_attr"
                  ], 
                  "ctx": "Load", 
                  "id": "id_0", 
                  "type": "Attribute"
                }
              ], 
              "id": "id_0", 
              "op": "Add", 
              "type": "BinOp"
            }
          ], 
          "id": "id_0", 
          "type": "Assign"
        }
      ], 
      "id": "id_0", 
      "type": "Module"
    }, 
    "\n", 
    {
      "id": "tid_8", 
      "type": "comment", 
      "value": "#      ------------^----------------"
    }, 
    "\n"
  ], 
  "id": "id_ROOT", 
  "type": "ROOT_NODE"
}
