x = foo + bar < bazzz
===
Module
  body: [
    Assign >> 'x = foo + bar < bazzz'
      targets: [
        Name >> 'x'
          id: 'x'
          ctx: Store
      ]
      value: Compare >> 'foo + bar < bazzz'
        left: BinOp >> 'foo + bar'
          left: Name >> 'foo'
            id: 'foo'
            ctx: Load
          op: Add
          right: Name >> 'bar'
            id: 'bar'
            ctx: Load
        ops: [
          Lt
        ]
        comparators: [
          Name >> 'bazzz'
            id: 'bazzz'
            ctx: Load
        ]
  ]
--- JSON ---
{
  "contents": [
    {
      "contents": [
        {
          "contents": [
            {
              "id": "id_0", 
              "name": "Name", 
              "value": "x"
            }, 
            " ", 
            {
              "id": "tid_1", 
              "name": "token", 
              "value": "="
            }, 
            " ", 
            {
              "contents": [
                {
                  "contents": [
                    {
                      "id": "id_0", 
                      "name": "Name", 
                      "value": "foo"
                    }, 
                    " ", 
                    {
                      "id": "tid_2", 
                      "name": "token", 
                      "value": "+"
                    }, 
                    " ", 
                    {
                      "id": "id_0", 
                      "name": "Name", 
                      "value": "bar"
                    }
                  ], 
                  "id": "id_0", 
                  "name": "BinOp"
                }, 
                " ", 
                {
                  "id": "tid_3", 
                  "name": "token", 
                  "value": "<"
                }, 
                " ", 
                {
                  "id": "id_0", 
                  "name": "Name", 
                  "value": "bazzz"
                }
              ], 
              "id": "id_0", 
              "name": "Compare"
            }
          ], 
          "id": "id_0", 
          "name": "Assign"
        }
      ], 
      "id": "id_0", 
      "name": "Module"
    }, 
    "\n"
  ], 
  "id": "id_ROOT", 
  "name": "ROOT_NODE"
}
