# these weird decorators currently don't work so hto ...
# from Lib/threading.py
@name.setter
def name(self, name):
    pass

# from Lib/csv.py
@fieldnames.setter
def fieldnames(self, value):
    self._fieldnames = value
===
Module
  body: [
    FunctionDef ML>> '@name.setter\ndef name(self, name)'
      name: 'name'
      args: arguments
        args: [
          Name >> 'self'
            id: 'self'
            ctx: Param
          Name >> 'name'
            id: 'name'
            ctx: Param
        ]
        vararg: None
        kwarg: None
        defaults: [
        ]
      body: [
        Pass >> 'pass'
      ]
      decorator_list: [
        Attribute >> 'name.setter'
          value: Name >> 'name'
            id: 'name'
            ctx: Load
          attr: 'setter'
          ctx: Load
      ]
    FunctionDef ML>> '@fieldnames.setter\ndef fieldnames(self, value)'
      name: 'fieldnames'
      args: arguments
        args: [
          Name >> 'self'
            id: 'self'
            ctx: Param
          Name >> 'value'
            id: 'value'
            ctx: Param
        ]
        vararg: None
        kwarg: None
        defaults: [
        ]
      body: [
        Assign >> 'self._fieldnames = value'
          targets: [
            Attribute >> 'self._fieldnames'
              value: Name >> 'self'
                id: 'self'
                ctx: Load
              attr: '_fieldnames'
              ctx: Store
          ]
          value: Name >> 'value'
            id: 'value'
            ctx: Load
      ]
      decorator_list: [
        Attribute >> 'fieldnames.setter'
          value: Name >> 'fieldnames'
            id: 'fieldnames'
            ctx: Load
          attr: 'setter'
          ctx: Load
      ]
  ]
--- JSON ---
{
  "contents": [
    {
      "id": "tid_1", 
      "type": "comment", 
      "value": "# these weird decorators currently don't work so hto ..."
    }, 
    "\n", 
    {
      "id": "tid_2", 
      "type": "comment", 
      "value": "# from Lib/threading.py"
    }, 
    "\n", 
    {
      "contents": [
        {
          "contents": [
            {
              "id": "tid_3", 
              "type": "token", 
              "value": "@"
            }, 
            {
              "attr": "setter", 
              "contents": [
                {
                  "ctx": "Load", 
                  "id": "id_0", 
                  "type": "Name", 
                  "value": "name"
                }, 
                ".setter"
              ], 
              "ctx": "Load", 
              "id": "id_0", 
              "type": "Attribute"
            }, 
            "\ndef name(", 
            {
              "contents": [
                {
                  "ctx": "Param", 
                  "id": "id_0", 
                  "type": "Name", 
                  "value": "self"
                }, 
                {
                  "id": "tid_4", 
                  "type": "token", 
                  "value": ","
                }, 
                " ", 
                {
                  "ctx": "Param", 
                  "id": "id_0", 
                  "type": "Name", 
                  "value": "name"
                }
              ], 
              "id": "id_0", 
              "type": "arguments"
            }, 
            ")"
          ], 
          "id": "id_0", 
          "name": "name", 
          "type": "FunctionDef"
        }, 
        {
          "id": "tid_5", 
          "type": "token", 
          "value": ":"
        }, 
        "\n    ", 
        {
          "contents": [
            {
              "id": "tid_6", 
              "type": "token", 
              "value": "pass"
            }
          ], 
          "id": "id_0", 
          "type": "Pass"
        }, 
        "\n\n", 
        {
          "id": "tid_7", 
          "type": "comment", 
          "value": "# from Lib/csv.py"
        }, 
        "\n", 
        {
          "contents": [
            {
              "id": "tid_8", 
              "type": "token", 
              "value": "@"
            }, 
            {
              "attr": "setter", 
              "contents": [
                {
                  "ctx": "Load", 
                  "id": "id_0", 
                  "type": "Name", 
                  "value": "fieldnames"
                }, 
                ".setter"
              ], 
              "ctx": "Load", 
              "id": "id_0", 
              "type": "Attribute"
            }, 
            "\ndef fieldnames(", 
            {
              "contents": [
                {
                  "ctx": "Param", 
                  "id": "id_0", 
                  "type": "Name", 
                  "value": "self"
                }, 
                {
                  "id": "tid_9", 
                  "type": "token", 
                  "value": ","
                }, 
                " ", 
                {
                  "ctx": "Param", 
                  "id": "id_0", 
                  "type": "Name", 
                  "value": "value"
                }
              ], 
              "id": "id_0", 
              "type": "arguments"
            }, 
            ")"
          ], 
          "id": "id_0", 
          "name": "fieldnames", 
          "type": "FunctionDef"
        }, 
        {
          "id": "tid_10", 
          "type": "token", 
          "value": ":"
        }, 
        "\n    ", 
        {
          "contents": [
            {
              "attr": "_fieldnames", 
              "contents": [
                {
                  "ctx": "Load", 
                  "id": "id_0", 
                  "type": "Name", 
                  "value": "self"
                }, 
                "._fieldnames"
              ], 
              "ctx": "Store", 
              "id": "id_0", 
              "type": "Attribute"
            }, 
            " ", 
            {
              "id": "tid_11", 
              "type": "token", 
              "value": "="
            }, 
            " ", 
            {
              "ctx": "Load", 
              "id": "id_0", 
              "type": "Name", 
              "value": "value"
            }
          ], 
          "id": "id_0", 
          "type": "Assign"
        }
      ], 
      "id": "id_0", 
      "type": "Module"
    }, 
    "\n"
  ], 
  "id": "id_ROOT", 
  "type": "ROOT_NODE"
}
