x =  [f(xs[0])] + list(map(f, xs[1:]))
===
Module
  body: [
    Assign >> 'x =  [f(xs[0])] + list(map(f, xs[1:]))'
      targets: [
        Name >> 'x'
          id: 'x'
          ctx: Store
      ]
      value: BinOp >> '[f(xs[0])] + list(map(f, xs[1:]))'
        left: List >> '[f(xs[0])]'
          elts: [
            Call >> 'f(xs[0])'
              func: Name >> 'f'
                id: 'f'
                ctx: Load
              args: [
                Subscript >> 'xs[0]'
                  value: Name >> 'xs'
                    id: 'xs'
                    ctx: Load
                  slice: Index >> '0'
                    value: Num >> '0'
                      n: 0
                  ctx: Load
              ]
              keywords: [
              ]
              starargs: None
              kwargs: None
          ]
          ctx: Load
        op: Add
        right: Call >> 'list(map(f, xs[1:]))'
          func: Name >> 'list'
            id: 'list'
            ctx: Load
          args: [
            Call >> 'map(f, xs[1:])'
              func: Name >> 'map'
                id: 'map'
                ctx: Load
              args: [
                Name >> 'f'
                  id: 'f'
                  ctx: Load
                Subscript >> 'xs[1:]'
                  value: Name >> 'xs'
                    id: 'xs'
                    ctx: Load
                  slice: Slice >> '1:'
                    lower: Num >> '1'
                      n: 1
                    upper: None
                    step: None
                  ctx: Load
              ]
              keywords: [
              ]
              starargs: None
              kwargs: None
          ]
          keywords: [
          ]
          starargs: None
          kwargs: None
  ]
--- JSON ---
{
  "contents": [
    {
      "contents": [
        {
          "contents": [
            {
              "id": "id_0", 
              "name": "Name", 
              "value": "x"
            }, 
            " ", 
            {
              "id": "tid_1", 
              "name": "token", 
              "value": "="
            }, 
            "  ", 
            {
              "contents": [
                {
                  "contents": [
                    "[", 
                    {
                      "contents": [
                        {
                          "id": "id_0", 
                          "name": "Name", 
                          "value": "f"
                        }, 
                        "(", 
                        {
                          "contents": [
                            {
                              "id": "id_0", 
                              "name": "Name", 
                              "value": "xs"
                            }, 
                            "[", 
                            {
                              "contents": [
                                {
                                  "id": "id_0", 
                                  "name": "Num", 
                                  "value": "0"
                                }
                              ], 
                              "id": "id_0", 
                              "name": "Index"
                            }, 
                            "]"
                          ], 
                          "id": "id_0", 
                          "name": "Subscript"
                        }, 
                        ")"
                      ], 
                      "id": "id_0", 
                      "name": "Call"
                    }, 
                    "]"
                  ], 
                  "id": "id_0", 
                  "name": "List"
                }, 
                " ", 
                {
                  "id": "tid_2", 
                  "name": "token", 
                  "value": "+"
                }, 
                " ", 
                {
                  "contents": [
                    {
                      "id": "id_0", 
                      "name": "Name", 
                      "value": "list"
                    }, 
                    "(", 
                    {
                      "contents": [
                        {
                          "id": "id_0", 
                          "name": "Name", 
                          "value": "map"
                        }, 
                        "(", 
                        {
                          "id": "id_0", 
                          "name": "Name", 
                          "value": "f"
                        }, 
                        {
                          "id": "tid_3", 
                          "name": "token", 
                          "value": ","
                        }, 
                        " ", 
                        {
                          "contents": [
                            {
                              "id": "id_0", 
                              "name": "Name", 
                              "value": "xs"
                            }, 
                            "[", 
                            {
                              "contents": [
                                {
                                  "id": "id_0", 
                                  "name": "Num", 
                                  "value": "1"
                                }, 
                                {
                                  "id": "tid_4", 
                                  "name": "token", 
                                  "value": ":"
                                }
                              ], 
                              "id": "id_0", 
                              "name": "Slice"
                            }, 
                            "]"
                          ], 
                          "id": "id_0", 
                          "name": "Subscript"
                        }, 
                        ")"
                      ], 
                      "id": "id_0", 
                      "name": "Call"
                    }, 
                    ")"
                  ], 
                  "id": "id_0", 
                  "name": "Call"
                }
              ], 
              "id": "id_0", 
              "name": "BinOp"
            }
          ], 
          "id": "id_0", 
          "name": "Assign"
        }
      ], 
      "id": "id_0", 
      "name": "Module"
    }, 
    "\n"
  ], 
  "id": "id_ROOT", 
  "name": "ROOT_NODE"
}
