one = call_foo(1 + 2, y, z+w-2)
two = call_foo(1 + 2, y, z+w-2, optional1=True, optional2=two/one+four)
three = call_foo(1 + 2, y, z+w-2, optional1=True, *stararg, optional2=two/one+four)
four = call_foo(1 + 2, y, z+w-2, optional1=True, *stararg, optional2=two/one+four, **my_kwargs)
===
Module
  body: [
    Assign >> 'one = call_foo(1 + 2, y, z+w-2)'
      targets: [
        Name >> 'one'
          id: 'one'
          ctx: Store
      ]
      value: Call >> 'call_foo(1 + 2, y, z+w-2)'
        func: Name >> 'call_foo'
          id: 'call_foo'
          ctx: Load
        args: [
          BinOp >> '1 + 2'
            left: Num >> '1'
              n: 1
            op: Add
            right: Num >> '2'
              n: 2
          Name >> 'y'
            id: 'y'
            ctx: Load
          BinOp >> 'z+w-2'
            left: BinOp >> 'z+w'
              left: Name >> 'z'
                id: 'z'
                ctx: Load
              op: Add
              right: Name >> 'w'
                id: 'w'
                ctx: Load
            op: Sub
            right: Num >> '2'
              n: 2
        ]
        keywords: [
        ]
        starargs: None
        kwargs: None
    Assign >> 'two = call_foo(1 + 2, y, z+w-2, optional1=True, optional2=two/one+four)'
      targets: [
        Name >> 'two'
          id: 'two'
          ctx: Store
      ]
      value: Call >> 'call_foo(1 + 2, y, z+w-2, optional1=True, optional2=two/one+four)'
        func: Name >> 'call_foo'
          id: 'call_foo'
          ctx: Load
        args: [
          BinOp >> '1 + 2'
            left: Num >> '1'
              n: 1
            op: Add
            right: Num >> '2'
              n: 2
          Name >> 'y'
            id: 'y'
            ctx: Load
          BinOp >> 'z+w-2'
            left: BinOp >> 'z+w'
              left: Name >> 'z'
                id: 'z'
                ctx: Load
              op: Add
              right: Name >> 'w'
                id: 'w'
                ctx: Load
            op: Sub
            right: Num >> '2'
              n: 2
        ]
        keywords: [
          keyword >> 'True'
            arg: 'optional1'
            value: Name >> 'True'
              id: 'True'
              ctx: Load
          keyword >> 'two/one+four'
            arg: 'optional2'
            value: BinOp >> 'two/one+four'
              left: BinOp >> 'two/one'
                left: Name >> 'two'
                  id: 'two'
                  ctx: Load
                op: Div
                right: Name >> 'one'
                  id: 'one'
                  ctx: Load
              op: Add
              right: Name >> 'four'
                id: 'four'
                ctx: Load
        ]
        starargs: None
        kwargs: None
    Assign >> 'three = call_foo(1 + 2, y, z+w-2, optional1=True, *stararg,'
      targets: [
        Name >> 'three'
          id: 'three'
          ctx: Store
      ]
      value: Call >> 'call_foo(1 + 2, y, z+w-2, optional1=True, *stararg,'
        func: Name >> 'call_foo'
          id: 'call_foo'
          ctx: Load
        args: [
          BinOp >> '1 + 2'
            left: Num >> '1'
              n: 1
            op: Add
            right: Num >> '2'
              n: 2
          Name >> 'y'
            id: 'y'
            ctx: Load
          BinOp >> 'z+w-2'
            left: BinOp >> 'z+w'
              left: Name >> 'z'
                id: 'z'
                ctx: Load
              op: Add
              right: Name >> 'w'
                id: 'w'
                ctx: Load
            op: Sub
            right: Num >> '2'
              n: 2
        ]
        keywords: [
          keyword >> 'True'
            arg: 'optional1'
            value: Name >> 'True'
              id: 'True'
              ctx: Load
          keyword >> 'two/one+four'
            arg: 'optional2'
            value: BinOp >> 'two/one+four'
              left: BinOp >> 'two/one'
                left: Name >> 'two'
                  id: 'two'
                  ctx: Load
                op: Div
                right: Name >> 'one'
                  id: 'one'
                  ctx: Load
              op: Add
              right: Name >> 'four'
                id: 'four'
                ctx: Load
        ]
        starargs: Name >> 'stararg'
          id: 'stararg'
          ctx: Load
        kwargs: None
    Assign >> 'four = call_foo(1 + 2, y, z+w-2, optional1=True, *stararg, optional2=two/one+four, **my_kwargs)'
      targets: [
        Name >> 'four'
          id: 'four'
          ctx: Store
      ]
      value: Call >> 'call_foo(1 + 2, y, z+w-2, optional1=True, *stararg, optional2=two/one+four, **my_kwargs)'
        func: Name >> 'call_foo'
          id: 'call_foo'
          ctx: Load
        args: [
          BinOp >> '1 + 2'
            left: Num >> '1'
              n: 1
            op: Add
            right: Num >> '2'
              n: 2
          Name >> 'y'
            id: 'y'
            ctx: Load
          BinOp >> 'z+w-2'
            left: BinOp >> 'z+w'
              left: Name >> 'z'
                id: 'z'
                ctx: Load
              op: Add
              right: Name >> 'w'
                id: 'w'
                ctx: Load
            op: Sub
            right: Num >> '2'
              n: 2
        ]
        keywords: [
          keyword >> 'True'
            arg: 'optional1'
            value: Name >> 'True'
              id: 'True'
              ctx: Load
          keyword >> 'two/one+four'
            arg: 'optional2'
            value: BinOp >> 'two/one+four'
              left: BinOp >> 'two/one'
                left: Name >> 'two'
                  id: 'two'
                  ctx: Load
                op: Div
                right: Name >> 'one'
                  id: 'one'
                  ctx: Load
              op: Add
              right: Name >> 'four'
                id: 'four'
                ctx: Load
        ]
        starargs: Name >> 'stararg'
          id: 'stararg'
          ctx: Load
        kwargs: Name >> 'my_kwargs'
          id: 'my_kwargs'
          ctx: Load
  ]
--- JSON ---
{
  "contents": [
    {
      "contents": [
        {
          "contents": [
            {
              "ctx": "Store", 
              "id": "id_0", 
              "name": "Name", 
              "value": "one"
            }, 
            " ", 
            {
              "id": "tid_1", 
              "name": "token", 
              "value": "="
            }, 
            " ", 
            {
              "contents": [
                {
                  "ctx": "Load", 
                  "id": "id_0", 
                  "name": "Name", 
                  "value": "call_foo"
                }, 
                "(", 
                {
                  "contents": [
                    {
                      "id": "id_0", 
                      "name": "Num", 
                      "value": "1"
                    }, 
                    " ", 
                    {
                      "id": "tid_2", 
                      "name": "token", 
                      "value": "+"
                    }, 
                    " ", 
                    {
                      "id": "id_0", 
                      "name": "Num", 
                      "value": "2"
                    }
                  ], 
                  "id": "id_0", 
                  "name": "BinOp", 
                  "op": "Add"
                }, 
                {
                  "id": "tid_3", 
                  "name": "token", 
                  "value": ","
                }, 
                " ", 
                {
                  "ctx": "Load", 
                  "id": "id_0", 
                  "name": "Name", 
                  "value": "y"
                }, 
                {
                  "id": "tid_4", 
                  "name": "token", 
                  "value": ","
                }, 
                " ", 
                {
                  "contents": [
                    {
                      "contents": [
                        {
                          "ctx": "Load", 
                          "id": "id_0", 
                          "name": "Name", 
                          "value": "z"
                        }, 
                        {
                          "id": "tid_5", 
                          "name": "token", 
                          "value": "+"
                        }, 
                        {
                          "ctx": "Load", 
                          "id": "id_0", 
                          "name": "Name", 
                          "value": "w"
                        }
                      ], 
                      "id": "id_0", 
                      "name": "BinOp", 
                      "op": "Add"
                    }, 
                    {
                      "id": "tid_6", 
                      "name": "token", 
                      "value": "-"
                    }, 
                    {
                      "id": "id_0", 
                      "name": "Num", 
                      "value": "2"
                    }
                  ], 
                  "id": "id_0", 
                  "name": "BinOp", 
                  "op": "Sub"
                }, 
                ")"
              ], 
              "id": "id_0", 
              "name": "Call"
            }
          ], 
          "id": "id_0", 
          "name": "Assign"
        }, 
        "\n", 
        {
          "contents": [
            {
              "ctx": "Store", 
              "id": "id_0", 
              "name": "Name", 
              "value": "two"
            }, 
            " ", 
            {
              "id": "tid_7", 
              "name": "token", 
              "value": "="
            }, 
            " ", 
            {
              "contents": [
                {
                  "ctx": "Load", 
                  "id": "id_0", 
                  "name": "Name", 
                  "value": "call_foo"
                }, 
                "(", 
                {
                  "contents": [
                    {
                      "id": "id_0", 
                      "name": "Num", 
                      "value": "1"
                    }, 
                    " ", 
                    {
                      "id": "tid_8", 
                      "name": "token", 
                      "value": "+"
                    }, 
                    " ", 
                    {
                      "id": "id_0", 
                      "name": "Num", 
                      "value": "2"
                    }
                  ], 
                  "id": "id_0", 
                  "name": "BinOp", 
                  "op": "Add"
                }, 
                {
                  "id": "tid_9", 
                  "name": "token", 
                  "value": ","
                }, 
                " ", 
                {
                  "ctx": "Load", 
                  "id": "id_0", 
                  "name": "Name", 
                  "value": "y"
                }, 
                {
                  "id": "tid_10", 
                  "name": "token", 
                  "value": ","
                }, 
                " ", 
                {
                  "contents": [
                    {
                      "contents": [
                        {
                          "ctx": "Load", 
                          "id": "id_0", 
                          "name": "Name", 
                          "value": "z"
                        }, 
                        {
                          "id": "tid_11", 
                          "name": "token", 
                          "value": "+"
                        }, 
                        {
                          "ctx": "Load", 
                          "id": "id_0", 
                          "name": "Name", 
                          "value": "w"
                        }
                      ], 
                      "id": "id_0", 
                      "name": "BinOp", 
                      "op": "Add"
                    }, 
                    {
                      "id": "tid_12", 
                      "name": "token", 
                      "value": "-"
                    }, 
                    {
                      "id": "id_0", 
                      "name": "Num", 
                      "value": "2"
                    }
                  ], 
                  "id": "id_0", 
                  "name": "BinOp", 
                  "op": "Sub"
                }, 
                ", optional1=", 
                {
                  "arg": "optional1", 
                  "contents": [
                    {
                      "ctx": "Load", 
                      "id": "id_0", 
                      "name": "Name", 
                      "value": "True"
                    }
                  ], 
                  "id": "id_0", 
                  "name": "keyword"
                }, 
                ", optional2=", 
                {
                  "arg": "optional2", 
                  "contents": [
                    {
                      "contents": [
                        {
                          "contents": [
                            {
                              "ctx": "Load", 
                              "id": "id_0", 
                              "name": "Name", 
                              "value": "two"
                            }, 
                            {
                              "id": "tid_13", 
                              "name": "token", 
                              "value": "/"
                            }, 
                            {
                              "ctx": "Load", 
                              "id": "id_0", 
                              "name": "Name", 
                              "value": "one"
                            }
                          ], 
                          "id": "id_0", 
                          "name": "BinOp", 
                          "op": "Div"
                        }, 
                        {
                          "id": "tid_14", 
                          "name": "token", 
                          "value": "+"
                        }, 
                        {
                          "ctx": "Load", 
                          "id": "id_0", 
                          "name": "Name", 
                          "value": "four"
                        }
                      ], 
                      "id": "id_0", 
                      "name": "BinOp", 
                      "op": "Add"
                    }
                  ], 
                  "id": "id_0", 
                  "name": "keyword"
                }, 
                ")"
              ], 
              "id": "id_0", 
              "name": "Call"
            }
          ], 
          "id": "id_0", 
          "name": "Assign"
        }, 
        "\n", 
        {
          "contents": [
            {
              "ctx": "Store", 
              "id": "id_0", 
              "name": "Name", 
              "value": "three"
            }, 
            " ", 
            {
              "id": "tid_15", 
              "name": "token", 
              "value": "="
            }, 
            " ", 
            {
              "contents": [
                {
                  "ctx": "Load", 
                  "id": "id_0", 
                  "name": "Name", 
                  "value": "call_foo"
                }, 
                "(", 
                {
                  "contents": [
                    {
                      "id": "id_0", 
                      "name": "Num", 
                      "value": "1"
                    }, 
                    " ", 
                    {
                      "id": "tid_16", 
                      "name": "token", 
                      "value": "+"
                    }, 
                    " ", 
                    {
                      "id": "id_0", 
                      "name": "Num", 
                      "value": "2"
                    }
                  ], 
                  "id": "id_0", 
                  "name": "BinOp", 
                  "op": "Add"
                }, 
                {
                  "id": "tid_17", 
                  "name": "token", 
                  "value": ","
                }, 
                " ", 
                {
                  "ctx": "Load", 
                  "id": "id_0", 
                  "name": "Name", 
                  "value": "y"
                }, 
                {
                  "id": "tid_18", 
                  "name": "token", 
                  "value": ","
                }, 
                " ", 
                {
                  "contents": [
                    {
                      "contents": [
                        {
                          "ctx": "Load", 
                          "id": "id_0", 
                          "name": "Name", 
                          "value": "z"
                        }, 
                        {
                          "id": "tid_19", 
                          "name": "token", 
                          "value": "+"
                        }, 
                        {
                          "ctx": "Load", 
                          "id": "id_0", 
                          "name": "Name", 
                          "value": "w"
                        }
                      ], 
                      "id": "id_0", 
                      "name": "BinOp", 
                      "op": "Add"
                    }, 
                    {
                      "id": "tid_20", 
                      "name": "token", 
                      "value": "-"
                    }, 
                    {
                      "id": "id_0", 
                      "name": "Num", 
                      "value": "2"
                    }
                  ], 
                  "id": "id_0", 
                  "name": "BinOp", 
                  "op": "Sub"
                }, 
                ", optional1=", 
                {
                  "arg": "optional1", 
                  "contents": [
                    {
                      "ctx": "Load", 
                      "id": "id_0", 
                      "name": "Name", 
                      "value": "True"
                    }
                  ], 
                  "id": "id_0", 
                  "name": "keyword"
                }, 
                ", *", 
                {
                  "ctx": "Load", 
                  "id": "id_0", 
                  "name": "Name", 
                  "value": "stararg"
                }, 
                {
                  "id": "tid_21", 
                  "name": "token", 
                  "value": ","
                }
              ], 
              "id": "id_0", 
              "name": "Call"
            }, 
            " optional2=", 
            {
              "arg": "optional2", 
              "contents": [
                {
                  "contents": [
                    {
                      "contents": [
                        {
                          "ctx": "Load", 
                          "id": "id_0", 
                          "name": "Name", 
                          "value": "two"
                        }, 
                        {
                          "id": "tid_22", 
                          "name": "token", 
                          "value": "/"
                        }, 
                        {
                          "ctx": "Load", 
                          "id": "id_0", 
                          "name": "Name", 
                          "value": "one"
                        }
                      ], 
                      "id": "id_0", 
                      "name": "BinOp", 
                      "op": "Div"
                    }, 
                    {
                      "id": "tid_23", 
                      "name": "token", 
                      "value": "+"
                    }, 
                    {
                      "ctx": "Load", 
                      "id": "id_0", 
                      "name": "Name", 
                      "value": "four"
                    }
                  ], 
                  "id": "id_0", 
                  "name": "BinOp", 
                  "op": "Add"
                }
              ], 
              "id": "id_0", 
              "name": "keyword"
            }
          ], 
          "id": "id_0", 
          "name": "Assign"
        }, 
        ")\n", 
        {
          "contents": [
            {
              "ctx": "Store", 
              "id": "id_0", 
              "name": "Name", 
              "value": "four"
            }, 
            " ", 
            {
              "id": "tid_24", 
              "name": "token", 
              "value": "="
            }, 
            " ", 
            {
              "contents": [
                {
                  "ctx": "Load", 
                  "id": "id_0", 
                  "name": "Name", 
                  "value": "call_foo"
                }, 
                "(", 
                {
                  "contents": [
                    {
                      "id": "id_0", 
                      "name": "Num", 
                      "value": "1"
                    }, 
                    " ", 
                    {
                      "id": "tid_25", 
                      "name": "token", 
                      "value": "+"
                    }, 
                    " ", 
                    {
                      "id": "id_0", 
                      "name": "Num", 
                      "value": "2"
                    }
                  ], 
                  "id": "id_0", 
                  "name": "BinOp", 
                  "op": "Add"
                }, 
                {
                  "id": "tid_26", 
                  "name": "token", 
                  "value": ","
                }, 
                " ", 
                {
                  "ctx": "Load", 
                  "id": "id_0", 
                  "name": "Name", 
                  "value": "y"
                }, 
                {
                  "id": "tid_27", 
                  "name": "token", 
                  "value": ","
                }, 
                " ", 
                {
                  "contents": [
                    {
                      "contents": [
                        {
                          "ctx": "Load", 
                          "id": "id_0", 
                          "name": "Name", 
                          "value": "z"
                        }, 
                        {
                          "id": "tid_28", 
                          "name": "token", 
                          "value": "+"
                        }, 
                        {
                          "ctx": "Load", 
                          "id": "id_0", 
                          "name": "Name", 
                          "value": "w"
                        }
                      ], 
                      "id": "id_0", 
                      "name": "BinOp", 
                      "op": "Add"
                    }, 
                    {
                      "id": "tid_29", 
                      "name": "token", 
                      "value": "-"
                    }, 
                    {
                      "id": "id_0", 
                      "name": "Num", 
                      "value": "2"
                    }
                  ], 
                  "id": "id_0", 
                  "name": "BinOp", 
                  "op": "Sub"
                }, 
                ", optional1=", 
                {
                  "arg": "optional1", 
                  "contents": [
                    {
                      "ctx": "Load", 
                      "id": "id_0", 
                      "name": "Name", 
                      "value": "True"
                    }
                  ], 
                  "id": "id_0", 
                  "name": "keyword"
                }, 
                ", *", 
                {
                  "ctx": "Load", 
                  "id": "id_0", 
                  "name": "Name", 
                  "value": "stararg"
                }, 
                ", optional2=", 
                {
                  "arg": "optional2", 
                  "contents": [
                    {
                      "contents": [
                        {
                          "contents": [
                            {
                              "ctx": "Load", 
                              "id": "id_0", 
                              "name": "Name", 
                              "value": "two"
                            }, 
                            {
                              "id": "tid_30", 
                              "name": "token", 
                              "value": "/"
                            }, 
                            {
                              "ctx": "Load", 
                              "id": "id_0", 
                              "name": "Name", 
                              "value": "one"
                            }
                          ], 
                          "id": "id_0", 
                          "name": "BinOp", 
                          "op": "Div"
                        }, 
                        {
                          "id": "tid_31", 
                          "name": "token", 
                          "value": "+"
                        }, 
                        {
                          "ctx": "Load", 
                          "id": "id_0", 
                          "name": "Name", 
                          "value": "four"
                        }
                      ], 
                      "id": "id_0", 
                      "name": "BinOp", 
                      "op": "Add"
                    }
                  ], 
                  "id": "id_0", 
                  "name": "keyword"
                }, 
                ", **", 
                {
                  "ctx": "Load", 
                  "id": "id_0", 
                  "name": "Name", 
                  "value": "my_kwargs"
                }, 
                ")"
              ], 
              "id": "id_0", 
              "name": "Call"
            }
          ], 
          "id": "id_0", 
          "name": "Assign"
        }
      ], 
      "id": "id_0", 
      "name": "Module"
    }, 
    "\n"
  ], 
  "id": "id_ROOT", 
  "name": "ROOT_NODE"
}
