# mix up function call and tuple hysteresis, to maximize confusion
def foo():
  return (func1(x, y), func2(z, w))
===
Module
  body: [
    FunctionDef >> 'def foo()'
      name: 'foo'
      args: arguments
        args: [
        ]
        vararg: None
        kwarg: None
        defaults: [
        ]
      body: [
        Return >> 'return (func1(x, y), func2(z, w))'
          value: Tuple >> '(func1(x, y), func2(z, w))'
            elts: [
              Call >> 'func1(x, y)'
                func: Name >> 'func1'
                  id: 'func1'
                  ctx: Load
                args: [
                  Name >> 'x'
                    id: 'x'
                    ctx: Load
                  Name >> 'y'
                    id: 'y'
                    ctx: Load
                ]
                keywords: [
                ]
                starargs: None
                kwargs: None
              Call >> 'func2(z, w)'
                func: Name >> 'func2'
                  id: 'func2'
                  ctx: Load
                args: [
                  Name >> 'z'
                    id: 'z'
                    ctx: Load
                  Name >> 'w'
                    id: 'w'
                    ctx: Load
                ]
                keywords: [
                ]
                starargs: None
                kwargs: None
            ]
            ctx: Load
      ]
      decorator_list: [
      ]
  ]
--- JSON ---
{
  "contents": [
    {
      "id": "tid_1", 
      "name": "comment", 
      "value": "# mix up function call and tuple hysteresis, to maximize confusion"
    }, 
    "\n", 
    {
      "contents": [
        {
          "id": "id_0", 
          "name": "FunctionDef", 
          "value": "def foo()"
        }, 
        {
          "id": "tid_2", 
          "name": "token", 
          "value": ":"
        }, 
        "\n  ", 
        {
          "contents": [
            {
              "id": "tid_3", 
              "name": "token", 
              "value": "return"
            }, 
            " ", 
            {
              "contents": [
                {
                  "id": "tid_4", 
                  "name": "token", 
                  "value": "("
                }, 
                {
                  "contents": [
                    {
                      "id": "id_0", 
                      "name": "Name", 
                      "value": "func1"
                    }, 
                    {
                      "id": "tid_5", 
                      "name": "token", 
                      "value": "("
                    }, 
                    {
                      "id": "id_0", 
                      "name": "Name", 
                      "value": "x"
                    }, 
                    {
                      "id": "tid_6", 
                      "name": "token", 
                      "value": ","
                    }, 
                    " ", 
                    {
                      "id": "id_0", 
                      "name": "Name", 
                      "value": "y"
                    }, 
                    {
                      "id": "tid_7", 
                      "name": "token", 
                      "value": ")"
                    }
                  ], 
                  "id": "id_0", 
                  "name": "Call"
                }, 
                {
                  "id": "tid_8", 
                  "name": "token", 
                  "value": ","
                }, 
                " ", 
                {
                  "contents": [
                    {
                      "id": "id_0", 
                      "name": "Name", 
                      "value": "func2"
                    }, 
                    {
                      "id": "tid_9", 
                      "name": "token", 
                      "value": "("
                    }, 
                    {
                      "id": "id_0", 
                      "name": "Name", 
                      "value": "z"
                    }, 
                    {
                      "id": "tid_10", 
                      "name": "token", 
                      "value": ","
                    }, 
                    " ", 
                    {
                      "id": "id_0", 
                      "name": "Name", 
                      "value": "w"
                    }, 
                    {
                      "id": "tid_11", 
                      "name": "token", 
                      "value": ")"
                    }
                  ], 
                  "id": "id_0", 
                  "name": "Call"
                }, 
                {
                  "id": "tid_12", 
                  "name": "token", 
                  "value": ")"
                }
              ], 
              "id": "id_0", 
              "name": "Tuple"
            }
          ], 
          "id": "id_0", 
          "name": "Return"
        }
      ], 
      "id": "id_0", 
      "name": "Module"
    }, 
    "\n"
  ], 
  "id": "id_ROOT", 
  "name": "ROOT_NODE"
}
