if foo() and (x + y > 7):
  print 'YES!'
===
Module
  body: [
    If >> 'if foo() and (x + y > 7'
      test: BoolOp >> 'foo() and (x + y > 7'
        op: And
        values: [
          Call >> 'foo()'
            func: Name >> 'foo'
              id: 'foo'
              ctx: Load
            args: [
            ]
            keywords: [
            ]
            starargs: None
            kwargs: None
          Compare >> 'x + y > 7'
            left: BinOp >> 'x + y'
              left: Name >> 'x'
                id: 'x'
                ctx: Load
              op: Add
              right: Name >> 'y'
                id: 'y'
                ctx: Load
            ops: [
              Gt
            ]
            comparators: [
              Num >> '7'
                n: 7
            ]
        ]
      body: [
        Print >> "print 'YES!'"
          dest: None
          values: [
            Str >> "'YES!'"
              s: 'YES!'
          ]
          nl: True
      ]
      orelse: [
      ]
  ]
--- JSON ---
{
  "contents": [
    {
      "contents": [
        {
          "contents": [
            "if ", 
            {
              "contents": [
                {
                  "contents": [
                    {
                      "contents": [
                        "foo"
                      ], 
                      "id": "id_0", 
                      "name": "Name"
                    }, 
                    "()"
                  ], 
                  "id": "id_0", 
                  "name": "Call"
                }, 
                " and (", 
                {
                  "contents": [
                    {
                      "contents": [
                        {
                          "contents": [
                            "x"
                          ], 
                          "id": "id_0", 
                          "name": "Name"
                        }, 
                        " + ", 
                        {
                          "contents": [
                            "y"
                          ], 
                          "id": "id_0", 
                          "name": "Name"
                        }
                      ], 
                      "id": "id_0", 
                      "name": "BinOp"
                    }, 
                    " > ", 
                    {
                      "contents": [
                        "7"
                      ], 
                      "id": "id_0", 
                      "name": "Num"
                    }
                  ], 
                  "id": "id_0", 
                  "name": "Compare"
                }
              ], 
              "id": "id_0", 
              "name": "BoolOp"
            }, 
            ""
          ], 
          "id": "id_0", 
          "name": "If"
        }, 
        "):\n  ", 
        {
          "contents": [
            "print ", 
            {
              "contents": [
                "'YES!'"
              ], 
              "id": "id_0", 
              "name": "Str"
            }
          ], 
          "id": "id_0", 
          "name": "Print"
        }
      ], 
      "id": "id_0", 
      "name": "Module"
    }, 
    "\n"
  ], 
  "id": "id_ROOT", 
  "name": "ROOT_NODE"
}
