x = not (1 + 3 == 5)
===
Module
  body: [
    Assign >> 'x = not (1 + 3 == 5'
      targets: [
        Name >> 'x'
          id: 'x'
          ctx: Store
      ]
      value: UnaryOp >> 'not (1 + 3 == 5'
        op: Not
        operand: Compare >> '1 + 3 == 5'
          left: BinOp >> '1 + 3'
            left: Num >> '1'
              n: 1
            op: Add
            right: Num >> '3'
              n: 3
          ops: [
            Eq
          ]
          comparators: [
            Num >> '5'
              n: 5
          ]
  ]
--- JSON ---
{
  "contents": [
    {
      "contents": [
        {
          "contents": [
            {
              "ctx": "Store", 
              "id": "id_0", 
              "type": "Name", 
              "value": "x"
            }, 
            " ", 
            {
              "id": "tid_1", 
              "type": "token", 
              "value": "="
            }, 
            " ", 
            {
              "contents": [
                "not (", 
                {
                  "contents": [
                    {
                      "contents": [
                        {
                          "id": "id_0", 
                          "type": "Num", 
                          "value": "1"
                        }, 
                        " ", 
                        {
                          "id": "tid_2", 
                          "type": "token", 
                          "value": "+"
                        }, 
                        " ", 
                        {
                          "id": "id_0", 
                          "type": "Num", 
                          "value": "3"
                        }
                      ], 
                      "id": "id_0", 
                      "op": "Add", 
                      "type": "BinOp"
                    }, 
                    " ", 
                    {
                      "id": "tid_3", 
                      "type": "token", 
                      "value": "=="
                    }, 
                    " ", 
                    {
                      "id": "id_0", 
                      "type": "Num", 
                      "value": "5"
                    }
                  ], 
                  "id": "id_0", 
                  "ops": [
                    "Eq"
                  ], 
                  "type": "Compare"
                }
              ], 
              "id": "id_0", 
              "op": "Not", 
              "type": "UnaryOp"
            }
          ], 
          "id": "id_0", 
          "type": "Assign"
        }
      ], 
      "id": "id_0", 
      "type": "Module"
    }, 
    ")\n"
  ], 
  "id": "id_ROOT", 
  "type": "ROOT_NODE"
}
