# make sure BUILD_TUPLE works even right after a CALL_FUNCTION bytecode
x = (int(tokens[2]), int(tokens[3]))
===
Module
  body: [
    Assign >> 'x = (int(tokens[2]), int(tokens[3]))'
      targets: [
        Name >> 'x'
          id: 'x'
          ctx: Store
      ]
      value: Tuple >> '(int(tokens[2]), int(tokens[3]))'
        elts: [
          Call >> 'int(tokens[2])'
            func: Name >> 'int'
              id: 'int'
              ctx: Load
            args: [
              Subscript >> 'tokens[2]'
                value: Name >> 'tokens'
                  id: 'tokens'
                  ctx: Load
                slice: Index >> '2'
                  value: Num >> '2'
                    n: 2
                ctx: Load
            ]
            keywords: [
            ]
            starargs: None
            kwargs: None
          Call >> 'int(tokens[3])'
            func: Name >> 'int'
              id: 'int'
              ctx: Load
            args: [
              Subscript >> 'tokens[3]'
                value: Name >> 'tokens'
                  id: 'tokens'
                  ctx: Load
                slice: Index >> '3'
                  value: Num >> '3'
                    n: 3
                ctx: Load
            ]
            keywords: [
            ]
            starargs: None
            kwargs: None
        ]
        ctx: Load
  ]
--- JSON ---
{
  "contents": [
    "", 
    {
      "token_kind": "comment", 
      "value": "# make sure BUILD_TUPLE works even right after a CALL_FUNCTION bytecode"
    }, 
    "\n", 
    "", 
    {
      "contents": [
        {
          "contents": [
            {
              "contents": [
                "x"
              ], 
              "id": "id_0", 
              "name": "Name"
            }, 
            " = ", 
            {
              "contents": [
                "(", 
                {
                  "contents": [
                    {
                      "contents": [
                        "int"
                      ], 
                      "id": "id_0", 
                      "name": "Name"
                    }, 
                    "(", 
                    {
                      "contents": [
                        {
                          "contents": [
                            "tokens"
                          ], 
                          "id": "id_0", 
                          "name": "Name"
                        }, 
                        "[", 
                        {
                          "contents": [
                            {
                              "contents": [
                                "2"
                              ], 
                              "id": "id_0", 
                              "name": "Num"
                            }
                          ], 
                          "id": "id_0", 
                          "name": "Index"
                        }, 
                        "]"
                      ], 
                      "id": "id_0", 
                      "name": "Subscript"
                    }, 
                    ")"
                  ], 
                  "id": "id_0", 
                  "name": "Call"
                }, 
                ", ", 
                {
                  "contents": [
                    {
                      "contents": [
                        "int"
                      ], 
                      "id": "id_0", 
                      "name": "Name"
                    }, 
                    "(", 
                    {
                      "contents": [
                        {
                          "contents": [
                            "tokens"
                          ], 
                          "id": "id_0", 
                          "name": "Name"
                        }, 
                        "[", 
                        {
                          "contents": [
                            {
                              "contents": [
                                "3"
                              ], 
                              "id": "id_0", 
                              "name": "Num"
                            }
                          ], 
                          "id": "id_0", 
                          "name": "Index"
                        }, 
                        "]"
                      ], 
                      "id": "id_0", 
                      "name": "Subscript"
                    }, 
                    ")"
                  ], 
                  "id": "id_0", 
                  "name": "Call"
                }, 
                ")"
              ], 
              "id": "id_0", 
              "name": "Tuple"
            }
          ], 
          "id": "id_0", 
          "name": "Assign"
        }
      ], 
      "id": "id_0", 
      "name": "Module"
    }, 
    "\n"
  ], 
  "id": "id_ROOT", 
  "name": "ROOT_NODE"
}
