math.pi
math.sin(45)
Person.maximum_age
f.g.h
os.path.abspath('memo.txt')
f(x).g(y).h(z)
res.append(s.capitalize())
x.f = 5
x.f += 5
p.x = rect.x + rect.width / 2.0
self.age = age
age = self.age
===
Module
  body: [
    Expr
      value: Attribute >> 'math.pi'
        value: Name >> 'math'
          id: 'math'
          ctx: Load
        attr: 'pi'
        ctx: Load
    Expr
      value: Call >> 'math.sin(45)'
        func: Attribute >> 'math.sin'
          value: Name >> 'math'
            id: 'math'
            ctx: Load
          attr: 'sin'
          ctx: Load
        args: [
          Num >> '45'
            n: 45
        ]
        keywords: [
        ]
        starargs: None
        kwargs: None
    Expr
      value: Attribute >> 'Person.maximum_age'
        value: Name >> 'Person'
          id: 'Person'
          ctx: Load
        attr: 'maximum_age'
        ctx: Load
    Expr
      value: Attribute >> 'f.g.h'
        value: Attribute >> 'f.g'
          value: Name >> 'f'
            id: 'f'
            ctx: Load
          attr: 'g'
          ctx: Load
        attr: 'h'
        ctx: Load
    Expr
      value: Call >> "os.path.abspath('memo.txt')"
        func: Attribute >> 'os.path.abspath'
          value: Attribute >> 'os.path'
            value: Name >> 'os'
              id: 'os'
              ctx: Load
            attr: 'path'
            ctx: Load
          attr: 'abspath'
          ctx: Load
        args: [
          Str >> "'memo.txt'"
            s: 'memo.txt'
        ]
        keywords: [
        ]
        starargs: None
        kwargs: None
    Expr
      value: Call >> 'f(x).g(y).h(z)'
        func: Attribute >> 'f(x).g(y).h'
          value: Call >> 'f(x).g(y)'
            func: Attribute >> 'f(x).g'
              value: Call >> 'f(x)'
                func: Name >> 'f'
                  id: 'f'
                  ctx: Load
                args: [
                  Name >> 'x'
                    id: 'x'
                    ctx: Load
                ]
                keywords: [
                ]
                starargs: None
                kwargs: None
              attr: 'g'
              ctx: Load
            args: [
              Name >> 'y'
                id: 'y'
                ctx: Load
            ]
            keywords: [
            ]
            starargs: None
            kwargs: None
          attr: 'h'
          ctx: Load
        args: [
          Name >> 'z'
            id: 'z'
            ctx: Load
        ]
        keywords: [
        ]
        starargs: None
        kwargs: None
    Expr
      value: Call >> 'res.append(s.capitalize())'
        func: Attribute >> 'res.append'
          value: Name >> 'res'
            id: 'res'
            ctx: Load
          attr: 'append'
          ctx: Load
        args: [
          Call >> 's.capitalize()'
            func: Attribute >> 's.capitalize'
              value: Name >> 's'
                id: 's'
                ctx: Load
              attr: 'capitalize'
              ctx: Load
            args: [
            ]
            keywords: [
            ]
            starargs: None
            kwargs: None
        ]
        keywords: [
        ]
        starargs: None
        kwargs: None
    Assign >> 'x.f = 5'
      targets: [
        Attribute >> 'x.f'
          value: Name >> 'x'
            id: 'x'
            ctx: Load
          attr: 'f'
          ctx: Store
      ]
      value: Num >> '5'
        n: 5
    AugAssign >> 'x.f += 5'
      target: Attribute >> 'x.f'
        value: Name >> 'x'
          id: 'x'
          ctx: Load
        attr: 'f'
        ctx: Store
      op: Add
      value: Num >> '5'
        n: 5
    Assign >> 'p.x = rect.x + rect.width / 2.0'
      targets: [
        Attribute >> 'p.x'
          value: Name >> 'p'
            id: 'p'
            ctx: Load
          attr: 'x'
          ctx: Store
      ]
      value: BinOp >> 'rect.x + rect.width / 2.0'
        left: Attribute >> 'rect.x'
          value: Name >> 'rect'
            id: 'rect'
            ctx: Load
          attr: 'x'
          ctx: Load
        op: Add
        right: BinOp >> 'rect.width / 2.0'
          left: Attribute >> 'rect.width'
            value: Name >> 'rect'
              id: 'rect'
              ctx: Load
            attr: 'width'
            ctx: Load
          op: Div
          right: Num >> '2.0'
            n: 2.0
    Assign >> 'self.age = age'
      targets: [
        Attribute >> 'self.age'
          value: Name >> 'self'
            id: 'self'
            ctx: Load
          attr: 'age'
          ctx: Store
      ]
      value: Name >> 'age'
        id: 'age'
        ctx: Load
    Assign >> 'age = self.age'
      targets: [
        Name >> 'age'
          id: 'age'
          ctx: Store
      ]
      value: Attribute >> 'self.age'
        value: Name >> 'self'
          id: 'self'
          ctx: Load
        attr: 'age'
        ctx: Load
  ]
--- JSON ---
{
  "contents": [
    {
      "contents": [
        {
          "contents": [
            {
              "contents": [
                {
                  "ctx": "Load", 
                  "id": "id_0", 
                  "name": "Name", 
                  "value": "math"
                }, 
                ".pi"
              ], 
              "ctx": "Load", 
              "id": "id_0", 
              "name": "Attribute"
            }
          ], 
          "id": "id_0", 
          "name": "Expr"
        }, 
        "\n", 
        {
          "contents": [
            {
              "contents": [
                {
                  "contents": [
                    {
                      "ctx": "Load", 
                      "id": "id_0", 
                      "name": "Name", 
                      "value": "math"
                    }, 
                    ".sin"
                  ], 
                  "ctx": "Load", 
                  "id": "id_0", 
                  "name": "Attribute"
                }, 
                "(", 
                {
                  "id": "id_0", 
                  "name": "Num", 
                  "value": "45"
                }, 
                ")"
              ], 
              "id": "id_0", 
              "name": "Call"
            }
          ], 
          "id": "id_0", 
          "name": "Expr"
        }, 
        "\n", 
        {
          "contents": [
            {
              "contents": [
                {
                  "ctx": "Load", 
                  "id": "id_0", 
                  "name": "Name", 
                  "value": "Person"
                }, 
                ".maximum_age"
              ], 
              "ctx": "Load", 
              "id": "id_0", 
              "name": "Attribute"
            }
          ], 
          "id": "id_0", 
          "name": "Expr"
        }, 
        "\n", 
        {
          "contents": [
            {
              "contents": [
                {
                  "contents": [
                    {
                      "ctx": "Load", 
                      "id": "id_0", 
                      "name": "Name", 
                      "value": "f"
                    }, 
                    ".g"
                  ], 
                  "ctx": "Load", 
                  "id": "id_0", 
                  "name": "Attribute"
                }, 
                ".h"
              ], 
              "ctx": "Load", 
              "id": "id_0", 
              "name": "Attribute"
            }
          ], 
          "id": "id_0", 
          "name": "Expr"
        }, 
        "\n", 
        {
          "contents": [
            {
              "contents": [
                {
                  "contents": [
                    {
                      "contents": [
                        {
                          "ctx": "Load", 
                          "id": "id_0", 
                          "name": "Name", 
                          "value": "os"
                        }, 
                        ".path"
                      ], 
                      "ctx": "Load", 
                      "id": "id_0", 
                      "name": "Attribute"
                    }, 
                    ".abspath"
                  ], 
                  "ctx": "Load", 
                  "id": "id_0", 
                  "name": "Attribute"
                }, 
                "(", 
                {
                  "id": "id_0", 
                  "name": "Str", 
                  "value": "'memo.txt'"
                }, 
                ")"
              ], 
              "id": "id_0", 
              "name": "Call"
            }
          ], 
          "id": "id_0", 
          "name": "Expr"
        }, 
        "\n", 
        {
          "contents": [
            {
              "contents": [
                {
                  "contents": [
                    {
                      "contents": [
                        {
                          "contents": [
                            {
                              "contents": [
                                {
                                  "ctx": "Load", 
                                  "id": "id_0", 
                                  "name": "Name", 
                                  "value": "f"
                                }, 
                                "(", 
                                {
                                  "ctx": "Load", 
                                  "id": "id_0", 
                                  "name": "Name", 
                                  "value": "x"
                                }, 
                                ")"
                              ], 
                              "id": "id_0", 
                              "name": "Call"
                            }, 
                            ".g"
                          ], 
                          "ctx": "Load", 
                          "id": "id_0", 
                          "name": "Attribute"
                        }, 
                        "(", 
                        {
                          "ctx": "Load", 
                          "id": "id_0", 
                          "name": "Name", 
                          "value": "y"
                        }, 
                        ")"
                      ], 
                      "id": "id_0", 
                      "name": "Call"
                    }, 
                    ".h"
                  ], 
                  "ctx": "Load", 
                  "id": "id_0", 
                  "name": "Attribute"
                }, 
                "(", 
                {
                  "ctx": "Load", 
                  "id": "id_0", 
                  "name": "Name", 
                  "value": "z"
                }, 
                ")"
              ], 
              "id": "id_0", 
              "name": "Call"
            }
          ], 
          "id": "id_0", 
          "name": "Expr"
        }, 
        "\n", 
        {
          "contents": [
            {
              "contents": [
                {
                  "contents": [
                    {
                      "ctx": "Load", 
                      "id": "id_0", 
                      "name": "Name", 
                      "value": "res"
                    }, 
                    ".append"
                  ], 
                  "ctx": "Load", 
                  "id": "id_0", 
                  "name": "Attribute"
                }, 
                "(", 
                {
                  "contents": [
                    {
                      "contents": [
                        {
                          "ctx": "Load", 
                          "id": "id_0", 
                          "name": "Name", 
                          "value": "s"
                        }, 
                        ".capitalize"
                      ], 
                      "ctx": "Load", 
                      "id": "id_0", 
                      "name": "Attribute"
                    }, 
                    "()"
                  ], 
                  "id": "id_0", 
                  "name": "Call"
                }, 
                ")"
              ], 
              "id": "id_0", 
              "name": "Call"
            }
          ], 
          "id": "id_0", 
          "name": "Expr"
        }, 
        "\n", 
        {
          "contents": [
            {
              "contents": [
                {
                  "ctx": "Load", 
                  "id": "id_0", 
                  "name": "Name", 
                  "value": "x"
                }, 
                ".f"
              ], 
              "ctx": "Store", 
              "id": "id_0", 
              "name": "Attribute"
            }, 
            " ", 
            {
              "id": "tid_1", 
              "name": "token", 
              "value": "="
            }, 
            " ", 
            {
              "id": "id_0", 
              "name": "Num", 
              "value": "5"
            }
          ], 
          "id": "id_0", 
          "name": "Assign"
        }, 
        "\n", 
        {
          "contents": [
            {
              "contents": [
                {
                  "ctx": "Load", 
                  "id": "id_0", 
                  "name": "Name", 
                  "value": "x"
                }, 
                ".f"
              ], 
              "ctx": "Store", 
              "id": "id_0", 
              "name": "Attribute"
            }, 
            " ", 
            {
              "id": "tid_2", 
              "name": "token", 
              "value": "+="
            }, 
            " ", 
            {
              "id": "id_0", 
              "name": "Num", 
              "value": "5"
            }
          ], 
          "id": "id_0", 
          "name": "AugAssign", 
          "op": "Add"
        }, 
        "\n", 
        {
          "contents": [
            {
              "contents": [
                {
                  "ctx": "Load", 
                  "id": "id_0", 
                  "name": "Name", 
                  "value": "p"
                }, 
                ".x"
              ], 
              "ctx": "Store", 
              "id": "id_0", 
              "name": "Attribute"
            }, 
            " ", 
            {
              "id": "tid_3", 
              "name": "token", 
              "value": "="
            }, 
            " ", 
            {
              "contents": [
                {
                  "contents": [
                    {
                      "ctx": "Load", 
                      "id": "id_0", 
                      "name": "Name", 
                      "value": "rect"
                    }, 
                    ".x"
                  ], 
                  "ctx": "Load", 
                  "id": "id_0", 
                  "name": "Attribute"
                }, 
                " ", 
                {
                  "id": "tid_4", 
                  "name": "token", 
                  "value": "+"
                }, 
                " ", 
                {
                  "contents": [
                    {
                      "contents": [
                        {
                          "ctx": "Load", 
                          "id": "id_0", 
                          "name": "Name", 
                          "value": "rect"
                        }, 
                        ".width"
                      ], 
                      "ctx": "Load", 
                      "id": "id_0", 
                      "name": "Attribute"
                    }, 
                    " ", 
                    {
                      "id": "tid_5", 
                      "name": "token", 
                      "value": "/"
                    }, 
                    " ", 
                    {
                      "id": "id_0", 
                      "name": "Num", 
                      "value": "2.0"
                    }
                  ], 
                  "id": "id_0", 
                  "name": "BinOp", 
                  "op": "Div"
                }
              ], 
              "id": "id_0", 
              "name": "BinOp", 
              "op": "Add"
            }
          ], 
          "id": "id_0", 
          "name": "Assign"
        }, 
        "\n", 
        {
          "contents": [
            {
              "contents": [
                {
                  "ctx": "Load", 
                  "id": "id_0", 
                  "name": "Name", 
                  "value": "self"
                }, 
                ".age"
              ], 
              "ctx": "Store", 
              "id": "id_0", 
              "name": "Attribute"
            }, 
            " ", 
            {
              "id": "tid_6", 
              "name": "token", 
              "value": "="
            }, 
            " ", 
            {
              "ctx": "Load", 
              "id": "id_0", 
              "name": "Name", 
              "value": "age"
            }
          ], 
          "id": "id_0", 
          "name": "Assign"
        }, 
        "\n", 
        {
          "contents": [
            {
              "ctx": "Store", 
              "id": "id_0", 
              "name": "Name", 
              "value": "age"
            }, 
            " ", 
            {
              "id": "tid_7", 
              "name": "token", 
              "value": "="
            }, 
            " ", 
            {
              "contents": [
                {
                  "ctx": "Load", 
                  "id": "id_0", 
                  "name": "Name", 
                  "value": "self"
                }, 
                ".age"
              ], 
              "ctx": "Load", 
              "id": "id_0", 
              "name": "Attribute"
            }
          ], 
          "id": "id_0", 
          "name": "Assign"
        }
      ], 
      "id": "id_0", 
      "name": "Module"
    }, 
    "\n"
  ], 
  "id": "id_ROOT", 
  "name": "ROOT_NODE"
}
