not x
not (x or y)
x is y
x is not y
x in y
x not in y
(12 < age) and (age < 20)
12 < age < 20

# multiline
((12 < age) and
 (age < 20))
===
Module
  body: [
    Expr
      value: UnaryOp >> 'not x'
        op: Not
        operand: Name >> 'x'
          id: 'x'
          ctx: Load
    Expr
      value: UnaryOp >> 'not (x or y'
        op: Not
        operand: BoolOp >> 'x or y'
          op: Or
          values: [
            Name >> 'x'
              id: 'x'
              ctx: Load
            Name >> 'y'
              id: 'y'
              ctx: Load
          ]
    Expr
      value: Compare >> 'x is y'
        left: Name >> 'x'
          id: 'x'
          ctx: Load
        ops: [
          Is
        ]
        comparators: [
          Name >> 'y'
            id: 'y'
            ctx: Load
        ]
    Expr
      value: Compare >> 'x is not y'
        left: Name >> 'x'
          id: 'x'
          ctx: Load
        ops: [
          IsNot
        ]
        comparators: [
          Name >> 'y'
            id: 'y'
            ctx: Load
        ]
    Expr
      value: Compare >> 'x in y'
        left: Name >> 'x'
          id: 'x'
          ctx: Load
        ops: [
          In
        ]
        comparators: [
          Name >> 'y'
            id: 'y'
            ctx: Load
        ]
    Expr
      value: Compare >> 'x not in y'
        left: Name >> 'x'
          id: 'x'
          ctx: Load
        ops: [
          NotIn
        ]
        comparators: [
          Name >> 'y'
            id: 'y'
            ctx: Load
        ]
    Expr
      value: BoolOp >> '(12 < age) and (age < 20'
        op: And
        values: [
          Compare >> '12 < age'
            left: Num >> '12'
              n: 12
            ops: [
              Lt
            ]
            comparators: [
              Name >> 'age'
                id: 'age'
                ctx: Load
            ]
          Compare >> 'age < 20'
            left: Name >> 'age'
              id: 'age'
              ctx: Load
            ops: [
              Lt
            ]
            comparators: [
              Num >> '20'
                n: 20
            ]
        ]
    Expr
      value: Compare >> '12 < age < 20'
        left: Num >> '12'
          n: 12
        ops: [
          Lt
          Lt
        ]
        comparators: [
          Name >> 'age'
            id: 'age'
            ctx: Load
          Num >> '20'
            n: 20
        ]
    Expr
      value: BoolOp ML>> '(12 < age) and\n (age < 20'
        op: And
        values: [
          Compare >> '12 < age'
            left: Num >> '12'
              n: 12
            ops: [
              Lt
            ]
            comparators: [
              Name >> 'age'
                id: 'age'
                ctx: Load
            ]
          Compare >> 'age < 20'
            left: Name >> 'age'
              id: 'age'
              ctx: Load
            ops: [
              Lt
            ]
            comparators: [
              Num >> '20'
                n: 20
            ]
        ]
  ]
--- JSON ---
{
  "contents": [
    {
      "contents": [
        {
          "contents": [
            {
              "contents": [
                {
                  "id": "tid_1", 
                  "type": "token", 
                  "value": "not"
                }, 
                " ", 
                {
                  "ctx": "Load", 
                  "id": "id_0", 
                  "type": "Name", 
                  "value": "x"
                }
              ], 
              "id": "id_0", 
              "op": "Not", 
              "type": "UnaryOp"
            }
          ], 
          "id": "id_0", 
          "type": "Expr"
        }, 
        "\n", 
        {
          "contents": [
            {
              "contents": [
                "not (", 
                {
                  "contents": [
                    {
                      "ctx": "Load", 
                      "id": "id_0", 
                      "type": "Name", 
                      "value": "x"
                    }, 
                    " ", 
                    {
                      "id": "tid_2", 
                      "type": "token", 
                      "value": "or"
                    }, 
                    " ", 
                    {
                      "ctx": "Load", 
                      "id": "id_0", 
                      "type": "Name", 
                      "value": "y"
                    }
                  ], 
                  "id": "id_0", 
                  "op": "Or", 
                  "type": "BoolOp"
                }
              ], 
              "id": "id_0", 
              "op": "Not", 
              "type": "UnaryOp"
            }
          ], 
          "id": "id_0", 
          "type": "Expr"
        }, 
        ")\n", 
        {
          "contents": [
            {
              "contents": [
                {
                  "ctx": "Load", 
                  "id": "id_0", 
                  "type": "Name", 
                  "value": "x"
                }, 
                " ", 
                {
                  "id": "tid_3", 
                  "type": "token", 
                  "value": "is"
                }, 
                " ", 
                {
                  "ctx": "Load", 
                  "id": "id_0", 
                  "type": "Name", 
                  "value": "y"
                }
              ], 
              "id": "id_0", 
              "ops": [
                "Is"
              ], 
              "type": "Compare"
            }
          ], 
          "id": "id_0", 
          "type": "Expr"
        }, 
        "\n", 
        {
          "contents": [
            {
              "contents": [
                {
                  "ctx": "Load", 
                  "id": "id_0", 
                  "type": "Name", 
                  "value": "x"
                }, 
                " is not ", 
                {
                  "ctx": "Load", 
                  "id": "id_0", 
                  "type": "Name", 
                  "value": "y"
                }
              ], 
              "id": "id_0", 
              "ops": [
                "IsNot"
              ], 
              "type": "Compare"
            }
          ], 
          "id": "id_0", 
          "type": "Expr"
        }, 
        "\n", 
        {
          "contents": [
            {
              "contents": [
                {
                  "ctx": "Load", 
                  "id": "id_0", 
                  "type": "Name", 
                  "value": "x"
                }, 
                " ", 
                {
                  "id": "tid_4", 
                  "type": "token", 
                  "value": "in"
                }, 
                " ", 
                {
                  "ctx": "Load", 
                  "id": "id_0", 
                  "type": "Name", 
                  "value": "y"
                }
              ], 
              "id": "id_0", 
              "ops": [
                "In"
              ], 
              "type": "Compare"
            }
          ], 
          "id": "id_0", 
          "type": "Expr"
        }, 
        "\n", 
        {
          "contents": [
            {
              "contents": [
                {
                  "ctx": "Load", 
                  "id": "id_0", 
                  "type": "Name", 
                  "value": "x"
                }, 
                " not in ", 
                {
                  "ctx": "Load", 
                  "id": "id_0", 
                  "type": "Name", 
                  "value": "y"
                }
              ], 
              "id": "id_0", 
              "ops": [
                "NotIn"
              ], 
              "type": "Compare"
            }
          ], 
          "id": "id_0", 
          "type": "Expr"
        }, 
        "\n", 
        {
          "contents": [
            {
              "contents": [
                "(", 
                {
                  "contents": [
                    {
                      "id": "id_0", 
                      "type": "Num", 
                      "value": "12"
                    }, 
                    " ", 
                    {
                      "id": "tid_5", 
                      "type": "token", 
                      "value": "<"
                    }, 
                    " ", 
                    {
                      "ctx": "Load", 
                      "id": "id_0", 
                      "type": "Name", 
                      "value": "age"
                    }
                  ], 
                  "id": "id_0", 
                  "ops": [
                    "Lt"
                  ], 
                  "type": "Compare"
                }, 
                ") and (", 
                {
                  "contents": [
                    {
                      "ctx": "Load", 
                      "id": "id_0", 
                      "type": "Name", 
                      "value": "age"
                    }, 
                    " ", 
                    {
                      "id": "tid_6", 
                      "type": "token", 
                      "value": "<"
                    }, 
                    " ", 
                    {
                      "id": "id_0", 
                      "type": "Num", 
                      "value": "20"
                    }
                  ], 
                  "id": "id_0", 
                  "ops": [
                    "Lt"
                  ], 
                  "type": "Compare"
                }
              ], 
              "id": "id_0", 
              "op": "And", 
              "type": "BoolOp"
            }
          ], 
          "id": "id_0", 
          "type": "Expr"
        }, 
        ")\n", 
        {
          "contents": [
            {
              "contents": [
                {
                  "id": "id_0", 
                  "type": "Num", 
                  "value": "12"
                }, 
                " ", 
                {
                  "id": "tid_7", 
                  "type": "token", 
                  "value": "<"
                }, 
                " ", 
                {
                  "ctx": "Load", 
                  "id": "id_0", 
                  "type": "Name", 
                  "value": "age"
                }, 
                " ", 
                {
                  "id": "tid_8", 
                  "type": "token", 
                  "value": "<"
                }, 
                " ", 
                {
                  "id": "id_0", 
                  "type": "Num", 
                  "value": "20"
                }
              ], 
              "id": "id_0", 
              "ops": [
                "LtLt"
              ], 
              "type": "Compare"
            }
          ], 
          "id": "id_0", 
          "type": "Expr"
        }, 
        "\n\n", 
        {
          "id": "tid_9", 
          "type": "comment", 
          "value": "# multiline"
        }, 
        "\n(", 
        {
          "contents": [
            {
              "contents": [
                "(", 
                {
                  "contents": [
                    {
                      "id": "id_0", 
                      "type": "Num", 
                      "value": "12"
                    }, 
                    " ", 
                    {
                      "id": "tid_10", 
                      "type": "token", 
                      "value": "<"
                    }, 
                    " ", 
                    {
                      "ctx": "Load", 
                      "id": "id_0", 
                      "type": "Name", 
                      "value": "age"
                    }
                  ], 
                  "id": "id_0", 
                  "ops": [
                    "Lt"
                  ], 
                  "type": "Compare"
                }, 
                ") and\n (", 
                {
                  "contents": [
                    {
                      "ctx": "Load", 
                      "id": "id_0", 
                      "type": "Name", 
                      "value": "age"
                    }, 
                    " ", 
                    {
                      "id": "tid_11", 
                      "type": "token", 
                      "value": "<"
                    }, 
                    " ", 
                    {
                      "id": "id_0", 
                      "type": "Num", 
                      "value": "20"
                    }
                  ], 
                  "id": "id_0", 
                  "ops": [
                    "Lt"
                  ], 
                  "type": "Compare"
                }
              ], 
              "id": "id_0", 
              "op": "And", 
              "type": "BoolOp"
            }
          ], 
          "id": "id_0", 
          "type": "Expr"
        }
      ], 
      "id": "id_0", 
      "type": "Module"
    }, 
    "))\n"
  ], 
  "id": "id_ROOT", 
  "type": "ROOT_NODE"
}
