for elt in my_list:
    print elt

for elt in [1, 2, 3]:
    print elt

for elt in range(5):
    print elt

for elt in range(len(lst)):
    print elt

for (i, elt) in enumerate(lst):
    print i, elt

# multiline test
for (i, elt) \
       in \
           enumerate(lst):
    print i, elt

for x in range(100):
    if x < 2:
        break
    elif x > 10:
        continue
    else:
        print x

for k, v in d.iteritems():
    print k, v

for ty in type(obj).mro():
    print 'foo'
===
Module
  body: [
    For >> 'for elt in my_list'
      target: Name >> 'elt'
        id: 'elt'
        ctx: Store
      iter: Name >> 'my_list'
        id: 'my_list'
        ctx: Load
      body: [
        Print >> 'print elt'
          dest: None
          values: [
            Name >> 'elt'
              id: 'elt'
              ctx: Load
          ]
          nl: True
      ]
      orelse: [
      ]
    For >> 'for elt in [1, 2, 3]'
      target: Name >> 'elt'
        id: 'elt'
        ctx: Store
      iter: List >> '[1, 2, 3]'
        elts: [
          Num >> '1'
            n: 1
          Num >> '2'
            n: 2
          Num >> '3'
            n: 3
        ]
        ctx: Load
      body: [
        Print >> 'print elt'
          dest: None
          values: [
            Name >> 'elt'
              id: 'elt'
              ctx: Load
          ]
          nl: True
      ]
      orelse: [
      ]
    For >> 'for elt in range(5)'
      target: Name >> 'elt'
        id: 'elt'
        ctx: Store
      iter: Call >> 'range(5)'
        func: Name >> 'range'
          id: 'range'
          ctx: Load
        args: [
          Num >> '5'
            n: 5
        ]
        keywords: [
        ]
        starargs: None
        kwargs: None
      body: [
        Print >> 'print elt'
          dest: None
          values: [
            Name >> 'elt'
              id: 'elt'
              ctx: Load
          ]
          nl: True
      ]
      orelse: [
      ]
    For >> 'for elt in range(len(lst))'
      target: Name >> 'elt'
        id: 'elt'
        ctx: Store
      iter: Call >> 'range(len(lst))'
        func: Name >> 'range'
          id: 'range'
          ctx: Load
        args: [
          Call >> 'len(lst)'
            func: Name >> 'len'
              id: 'len'
              ctx: Load
            args: [
              Name >> 'lst'
                id: 'lst'
                ctx: Load
            ]
            keywords: [
            ]
            starargs: None
            kwargs: None
        ]
        keywords: [
        ]
        starargs: None
        kwargs: None
      body: [
        Print >> 'print elt'
          dest: None
          values: [
            Name >> 'elt'
              id: 'elt'
              ctx: Load
          ]
          nl: True
      ]
      orelse: [
      ]
    For >> 'for (i, elt) in enumerate(lst)'
      target: Tuple >> '(i, elt)'
        elts: [
          Name >> 'i'
            id: 'i'
            ctx: Store
          Name >> 'elt'
            id: 'elt'
            ctx: Store
        ]
        ctx: Store
      iter: Call >> 'enumerate(lst)'
        func: Name >> 'enumerate'
          id: 'enumerate'
          ctx: Load
        args: [
          Name >> 'lst'
            id: 'lst'
            ctx: Load
        ]
        keywords: [
        ]
        starargs: None
        kwargs: None
      body: [
        Print >> 'print i, elt'
          dest: None
          values: [
            Name >> 'i'
              id: 'i'
              ctx: Load
            Name >> 'elt'
              id: 'elt'
              ctx: Load
          ]
          nl: True
      ]
      orelse: [
      ]
    For ML>> 'for (i, elt) \\\n       in \\\n           enumerate(lst)'
      target: Tuple >> '(i, elt)'
        elts: [
          Name >> 'i'
            id: 'i'
            ctx: Store
          Name >> 'elt'
            id: 'elt'
            ctx: Store
        ]
        ctx: Store
      iter: Call >> 'enumerate(lst)'
        func: Name >> 'enumerate'
          id: 'enumerate'
          ctx: Load
        args: [
          Name >> 'lst'
            id: 'lst'
            ctx: Load
        ]
        keywords: [
        ]
        starargs: None
        kwargs: None
      body: [
        Print >> 'print i, elt'
          dest: None
          values: [
            Name >> 'i'
              id: 'i'
              ctx: Load
            Name >> 'elt'
              id: 'elt'
              ctx: Load
          ]
          nl: True
      ]
      orelse: [
      ]
    For >> 'for x in range(100)'
      target: Name >> 'x'
        id: 'x'
        ctx: Store
      iter: Call >> 'range(100)'
        func: Name >> 'range'
          id: 'range'
          ctx: Load
        args: [
          Num >> '100'
            n: 100
        ]
        keywords: [
        ]
        starargs: None
        kwargs: None
      body: [
        If >> 'if x < 2'
          test: Compare >> 'x < 2'
            left: Name >> 'x'
              id: 'x'
              ctx: Load
            ops: [
              Lt
            ]
            comparators: [
              Num >> '2'
                n: 2
            ]
          body: [
            Break >> 'break'
          ]
          orelse: [
            If >> 'elif x > 10'
              test: Compare >> 'x > 10'
                left: Name >> 'x'
                  id: 'x'
                  ctx: Load
                ops: [
                  Gt
                ]
                comparators: [
                  Num >> '10'
                    n: 10
                ]
              body: [
                Continue >> 'continue'
              ]
              orelse: [
                Print >> 'print x'
                  dest: None
                  values: [
                    Name >> 'x'
                      id: 'x'
                      ctx: Load
                  ]
                  nl: True
              ]
          ]
      ]
      orelse: [
      ]
    For >> 'for k, v in d.iteritems()'
      target: Tuple >> 'k, v'
        elts: [
          Name >> 'k'
            id: 'k'
            ctx: Store
          Name >> 'v'
            id: 'v'
            ctx: Store
        ]
        ctx: Store
      iter: Call >> 'd.iteritems()'
        func: Attribute >> 'd.iteritems'
          value: Name >> 'd'
            id: 'd'
            ctx: Load
          attr: 'iteritems'
          ctx: Load
        args: [
        ]
        keywords: [
        ]
        starargs: None
        kwargs: None
      body: [
        Print >> 'print k, v'
          dest: None
          values: [
            Name >> 'k'
              id: 'k'
              ctx: Load
            Name >> 'v'
              id: 'v'
              ctx: Load
          ]
          nl: True
      ]
      orelse: [
      ]
    For >> 'for ty in type(obj).mro()'
      target: Name >> 'ty'
        id: 'ty'
        ctx: Store
      iter: Call >> 'type(obj).mro()'
        func: Attribute >> 'type(obj).mro'
          value: Call >> 'type(obj)'
            func: Name >> 'type'
              id: 'type'
              ctx: Load
            args: [
              Name >> 'obj'
                id: 'obj'
                ctx: Load
            ]
            keywords: [
            ]
            starargs: None
            kwargs: None
          attr: 'mro'
          ctx: Load
        args: [
        ]
        keywords: [
        ]
        starargs: None
        kwargs: None
      body: [
        Print >> "print 'foo'"
          dest: None
          values: [
            Str >> "'foo'"
              s: 'foo'
          ]
          nl: True
      ]
      orelse: [
      ]
  ]
--- JSON ---
{
  "contents": [
    {
      "contents": [
        {
          "contents": [
            "for ", 
            {
              "contents": [
                "elt"
              ], 
              "id": "id_0", 
              "name": "Name"
            }, 
            " in ", 
            {
              "contents": [
                "my_list"
              ], 
              "id": "id_0", 
              "name": "Name"
            }, 
            ""
          ], 
          "id": "id_0", 
          "name": "For"
        }, 
        ":\n    ", 
        {
          "contents": [
            "print ", 
            {
              "contents": [
                "elt"
              ], 
              "id": "id_0", 
              "name": "Name"
            }
          ], 
          "id": "id_0", 
          "name": "Print"
        }, 
        "\n\n", 
        {
          "contents": [
            "for ", 
            {
              "contents": [
                "elt"
              ], 
              "id": "id_0", 
              "name": "Name"
            }, 
            " in ", 
            {
              "contents": [
                "[", 
                {
                  "contents": [
                    "1"
                  ], 
                  "id": "id_0", 
                  "name": "Num"
                }, 
                ", ", 
                {
                  "contents": [
                    "2"
                  ], 
                  "id": "id_0", 
                  "name": "Num"
                }, 
                ", ", 
                {
                  "contents": [
                    "3"
                  ], 
                  "id": "id_0", 
                  "name": "Num"
                }, 
                "]"
              ], 
              "id": "id_0", 
              "name": "List"
            }, 
            ""
          ], 
          "id": "id_0", 
          "name": "For"
        }, 
        ":\n    ", 
        {
          "contents": [
            "print ", 
            {
              "contents": [
                "elt"
              ], 
              "id": "id_0", 
              "name": "Name"
            }
          ], 
          "id": "id_0", 
          "name": "Print"
        }, 
        "\n\n", 
        {
          "contents": [
            "for ", 
            {
              "contents": [
                "elt"
              ], 
              "id": "id_0", 
              "name": "Name"
            }, 
            " in ", 
            {
              "contents": [
                {
                  "contents": [
                    "range"
                  ], 
                  "id": "id_0", 
                  "name": "Name"
                }, 
                "(", 
                {
                  "contents": [
                    "5"
                  ], 
                  "id": "id_0", 
                  "name": "Num"
                }, 
                ")"
              ], 
              "id": "id_0", 
              "name": "Call"
            }, 
            ""
          ], 
          "id": "id_0", 
          "name": "For"
        }, 
        ":\n    ", 
        {
          "contents": [
            "print ", 
            {
              "contents": [
                "elt"
              ], 
              "id": "id_0", 
              "name": "Name"
            }
          ], 
          "id": "id_0", 
          "name": "Print"
        }, 
        "\n\n", 
        {
          "contents": [
            "for ", 
            {
              "contents": [
                "elt"
              ], 
              "id": "id_0", 
              "name": "Name"
            }, 
            " in ", 
            {
              "contents": [
                {
                  "contents": [
                    "range"
                  ], 
                  "id": "id_0", 
                  "name": "Name"
                }, 
                "(", 
                {
                  "contents": [
                    {
                      "contents": [
                        "len"
                      ], 
                      "id": "id_0", 
                      "name": "Name"
                    }, 
                    "(", 
                    {
                      "contents": [
                        "lst"
                      ], 
                      "id": "id_0", 
                      "name": "Name"
                    }, 
                    ")"
                  ], 
                  "id": "id_0", 
                  "name": "Call"
                }, 
                ")"
              ], 
              "id": "id_0", 
              "name": "Call"
            }, 
            ""
          ], 
          "id": "id_0", 
          "name": "For"
        }, 
        ":\n    ", 
        {
          "contents": [
            "print ", 
            {
              "contents": [
                "elt"
              ], 
              "id": "id_0", 
              "name": "Name"
            }
          ], 
          "id": "id_0", 
          "name": "Print"
        }, 
        "\n\n", 
        {
          "contents": [
            "for ", 
            {
              "contents": [
                "(", 
                {
                  "contents": [
                    "i"
                  ], 
                  "id": "id_0", 
                  "name": "Name"
                }, 
                ", ", 
                {
                  "contents": [
                    "elt"
                  ], 
                  "id": "id_0", 
                  "name": "Name"
                }, 
                ")"
              ], 
              "id": "id_0", 
              "name": "Tuple"
            }, 
            " in ", 
            {
              "contents": [
                {
                  "contents": [
                    "enumerate"
                  ], 
                  "id": "id_0", 
                  "name": "Name"
                }, 
                "(", 
                {
                  "contents": [
                    "lst"
                  ], 
                  "id": "id_0", 
                  "name": "Name"
                }, 
                ")"
              ], 
              "id": "id_0", 
              "name": "Call"
            }, 
            ""
          ], 
          "id": "id_0", 
          "name": "For"
        }, 
        ":\n    ", 
        {
          "contents": [
            "print ", 
            {
              "contents": [
                "i"
              ], 
              "id": "id_0", 
              "name": "Name"
            }, 
            ", ", 
            {
              "contents": [
                "elt"
              ], 
              "id": "id_0", 
              "name": "Name"
            }
          ], 
          "id": "id_0", 
          "name": "Print"
        }, 
        "\n\n# multiline test\n", 
        {
          "contents": [
            "for ", 
            {
              "contents": [
                "(", 
                {
                  "contents": [
                    "i"
                  ], 
                  "id": "id_0", 
                  "name": "Name"
                }, 
                ", ", 
                {
                  "contents": [
                    "elt"
                  ], 
                  "id": "id_0", 
                  "name": "Name"
                }, 
                ")"
              ], 
              "id": "id_0", 
              "name": "Tuple"
            }, 
            " \\\n       in \\\n           ", 
            {
              "contents": [
                {
                  "contents": [
                    "enumerate"
                  ], 
                  "id": "id_0", 
                  "name": "Name"
                }, 
                "(", 
                {
                  "contents": [
                    "lst"
                  ], 
                  "id": "id_0", 
                  "name": "Name"
                }, 
                ")"
              ], 
              "id": "id_0", 
              "name": "Call"
            }, 
            ""
          ], 
          "id": "id_0", 
          "name": "For"
        }, 
        ":\n    ", 
        {
          "contents": [
            "print ", 
            {
              "contents": [
                "i"
              ], 
              "id": "id_0", 
              "name": "Name"
            }, 
            ", ", 
            {
              "contents": [
                "elt"
              ], 
              "id": "id_0", 
              "name": "Name"
            }
          ], 
          "id": "id_0", 
          "name": "Print"
        }, 
        "\n\n", 
        {
          "contents": [
            "for ", 
            {
              "contents": [
                "x"
              ], 
              "id": "id_0", 
              "name": "Name"
            }, 
            " in ", 
            {
              "contents": [
                {
                  "contents": [
                    "range"
                  ], 
                  "id": "id_0", 
                  "name": "Name"
                }, 
                "(", 
                {
                  "contents": [
                    "100"
                  ], 
                  "id": "id_0", 
                  "name": "Num"
                }, 
                ")"
              ], 
              "id": "id_0", 
              "name": "Call"
            }, 
            ""
          ], 
          "id": "id_0", 
          "name": "For"
        }, 
        ":\n    ", 
        {
          "contents": [
            "if ", 
            {
              "contents": [
                {
                  "contents": [
                    "x"
                  ], 
                  "id": "id_0", 
                  "name": "Name"
                }, 
                " < ", 
                {
                  "contents": [
                    "2"
                  ], 
                  "id": "id_0", 
                  "name": "Num"
                }
              ], 
              "id": "id_0", 
              "name": "Compare"
            }, 
            ""
          ], 
          "id": "id_0", 
          "name": "If"
        }, 
        ":\n        ", 
        {
          "contents": [
            "break"
          ], 
          "id": "id_0", 
          "name": "Break"
        }, 
        "\n    ", 
        {
          "contents": [
            "elif ", 
            {
              "contents": [
                {
                  "contents": [
                    "x"
                  ], 
                  "id": "id_0", 
                  "name": "Name"
                }, 
                " > ", 
                {
                  "contents": [
                    "10"
                  ], 
                  "id": "id_0", 
                  "name": "Num"
                }
              ], 
              "id": "id_0", 
              "name": "Compare"
            }, 
            ""
          ], 
          "id": "id_0", 
          "name": "If"
        }, 
        ":\n        ", 
        {
          "contents": [
            "continue"
          ], 
          "id": "id_0", 
          "name": "Continue"
        }, 
        "\n    else:\n        ", 
        {
          "contents": [
            "print ", 
            {
              "contents": [
                "x"
              ], 
              "id": "id_0", 
              "name": "Name"
            }
          ], 
          "id": "id_0", 
          "name": "Print"
        }, 
        "\n\n", 
        {
          "contents": [
            "for ", 
            {
              "contents": [
                {
                  "contents": [
                    "k"
                  ], 
                  "id": "id_0", 
                  "name": "Name"
                }, 
                ", ", 
                {
                  "contents": [
                    "v"
                  ], 
                  "id": "id_0", 
                  "name": "Name"
                }
              ], 
              "id": "id_0", 
              "name": "Tuple"
            }, 
            " in ", 
            {
              "contents": [
                {
                  "contents": [
                    {
                      "contents": [
                        "d"
                      ], 
                      "id": "id_0", 
                      "name": "Name"
                    }, 
                    ".iteritems"
                  ], 
                  "id": "id_0", 
                  "name": "Attribute"
                }, 
                "()"
              ], 
              "id": "id_0", 
              "name": "Call"
            }, 
            ""
          ], 
          "id": "id_0", 
          "name": "For"
        }, 
        ":\n    ", 
        {
          "contents": [
            "print ", 
            {
              "contents": [
                "k"
              ], 
              "id": "id_0", 
              "name": "Name"
            }, 
            ", ", 
            {
              "contents": [
                "v"
              ], 
              "id": "id_0", 
              "name": "Name"
            }
          ], 
          "id": "id_0", 
          "name": "Print"
        }, 
        "\n\n", 
        {
          "contents": [
            "for ", 
            {
              "contents": [
                "ty"
              ], 
              "id": "id_0", 
              "name": "Name"
            }, 
            " in ", 
            {
              "contents": [
                {
                  "contents": [
                    {
                      "contents": [
                        {
                          "contents": [
                            "type"
                          ], 
                          "id": "id_0", 
                          "name": "Name"
                        }, 
                        "(", 
                        {
                          "contents": [
                            "obj"
                          ], 
                          "id": "id_0", 
                          "name": "Name"
                        }, 
                        ")"
                      ], 
                      "id": "id_0", 
                      "name": "Call"
                    }, 
                    ".mro"
                  ], 
                  "id": "id_0", 
                  "name": "Attribute"
                }, 
                "()"
              ], 
              "id": "id_0", 
              "name": "Call"
            }, 
            ""
          ], 
          "id": "id_0", 
          "name": "For"
        }, 
        ":\n    ", 
        {
          "contents": [
            "print ", 
            {
              "contents": [
                "'foo'"
              ], 
              "id": "id_0", 
              "name": "Str"
            }
          ], 
          "id": "id_0", 
          "name": "Print"
        }
      ], 
      "id": "id_0", 
      "name": "Module"
    }, 
    "\n"
  ], 
  "id": "id_ROOT", 
  "name": "ROOT_NODE"
}
