def foo():
    print 1
    print 2

def foo(x):
    pass

def foo(x, y, z):
    pass

def foo(x, y=10, z="hello world"):
    pass

def foo(*x):
    pass

def foo(x,


        *y):
    pass

def foo(x, *y, **z):
    pass

def foo(xxx,
        yyy='default arg', *zzz,
        **www):
    pass

def foo(a=1,
        b=2,
        c=3,d=4,*x, **y):
    pass
===
Module
  body: [
    FunctionDef >> 'def foo()'
      name: 'foo'
      args: arguments
        args: [
        ]
        vararg: None
        kwarg: None
        defaults: [
        ]
      body: [
        Print >> 'print 1'
          dest: None
          values: [
            Num >> '1'
              n: 1
          ]
          nl: True
        Print >> 'print 2'
          dest: None
          values: [
            Num >> '2'
              n: 2
          ]
          nl: True
      ]
      decorator_list: [
      ]
    FunctionDef >> 'def foo(x)'
      name: 'foo'
      args: arguments
        args: [
          Name >> 'x'
            id: 'x'
            ctx: Param
        ]
        vararg: None
        kwarg: None
        defaults: [
        ]
      body: [
        Pass >> 'pass'
      ]
      decorator_list: [
      ]
    FunctionDef >> 'def foo(x, y, z)'
      name: 'foo'
      args: arguments
        args: [
          Name >> 'x'
            id: 'x'
            ctx: Param
          Name >> 'y'
            id: 'y'
            ctx: Param
          Name >> 'z'
            id: 'z'
            ctx: Param
        ]
        vararg: None
        kwarg: None
        defaults: [
        ]
      body: [
        Pass >> 'pass'
      ]
      decorator_list: [
      ]
    FunctionDef >> 'def foo(x, y=10, z="hello world")'
      name: 'foo'
      args: arguments
        args: [
          Name >> 'x'
            id: 'x'
            ctx: Param
          Name >> 'y'
            id: 'y'
            ctx: Param
          Name >> 'z'
            id: 'z'
            ctx: Param
        ]
        vararg: None
        kwarg: None
        defaults: [
          Num >> '10'
            n: 10
          Str >> '"hello world"'
            s: 'hello world'
        ]
      body: [
        Pass >> 'pass'
      ]
      decorator_list: [
      ]
    FunctionDef >> 'def foo(*x)'
      name: 'foo'
      args: arguments
        args: [
        ]
        vararg: 'x'
        kwarg: None
        defaults: [
        ]
      body: [
        Pass >> 'pass'
      ]
      decorator_list: [
      ]
    FunctionDef ML>> 'def foo(x,\n\n\n        *y)'
      name: 'foo'
      args: arguments
        args: [
          Name >> 'x'
            id: 'x'
            ctx: Param
        ]
        vararg: 'y'
        kwarg: None
        defaults: [
        ]
      body: [
        Pass >> 'pass'
      ]
      decorator_list: [
      ]
    FunctionDef >> 'def foo(x, *y, **z)'
      name: 'foo'
      args: arguments
        args: [
          Name >> 'x'
            id: 'x'
            ctx: Param
        ]
        vararg: 'y'
        kwarg: 'z'
        defaults: [
        ]
      body: [
        Pass >> 'pass'
      ]
      decorator_list: [
      ]
    FunctionDef ML>> "def foo(xxx,\n        yyy='default arg', *zzz,\n        **www)"
      name: 'foo'
      args: arguments
        args: [
          Name >> 'xxx'
            id: 'xxx'
            ctx: Param
          Name >> 'yyy'
            id: 'yyy'
            ctx: Param
        ]
        vararg: 'zzz'
        kwarg: 'www'
        defaults: [
          Str >> "'default arg'"
            s: 'default arg'
        ]
      body: [
        Pass >> 'pass'
      ]
      decorator_list: [
      ]
    FunctionDef ML>> 'def foo(a=1,\n        b=2,\n        c=3,d=4,*x, **y)'
      name: 'foo'
      args: arguments
        args: [
          Name >> 'a'
            id: 'a'
            ctx: Param
          Name >> 'b'
            id: 'b'
            ctx: Param
          Name >> 'c'
            id: 'c'
            ctx: Param
          Name >> 'd'
            id: 'd'
            ctx: Param
        ]
        vararg: 'x'
        kwarg: 'y'
        defaults: [
          Num >> '1'
            n: 1
          Num >> '2'
            n: 2
          Num >> '3'
            n: 3
          Num >> '4'
            n: 4
        ]
      body: [
        Pass >> 'pass'
      ]
      decorator_list: [
      ]
  ]
--- JSON ---
{
  "contents": [
    {
      "contents": [
        {
          "id": "id_0", 
          "name": "foo", 
          "type": "FunctionDef", 
          "value": "def foo()"
        }, 
        {
          "id": "tid_1", 
          "type": "token", 
          "value": ":"
        }, 
        "\n    ", 
        {
          "contents": [
            {
              "id": "tid_2", 
              "type": "token", 
              "value": "print"
            }, 
            " ", 
            {
              "id": "id_0", 
              "type": "Num", 
              "value": "1"
            }
          ], 
          "id": "id_0", 
          "type": "Print"
        }, 
        "\n    ", 
        {
          "contents": [
            {
              "id": "tid_3", 
              "type": "token", 
              "value": "print"
            }, 
            " ", 
            {
              "id": "id_0", 
              "type": "Num", 
              "value": "2"
            }
          ], 
          "id": "id_0", 
          "type": "Print"
        }, 
        "\n\n", 
        {
          "contents": [
            "def foo(", 
            {
              "contents": [
                {
                  "ctx": "Param", 
                  "id": "id_0", 
                  "type": "Name", 
                  "value": "x"
                }
              ], 
              "id": "id_0", 
              "type": "arguments"
            }, 
            ")"
          ], 
          "id": "id_0", 
          "name": "foo", 
          "type": "FunctionDef"
        }, 
        {
          "id": "tid_4", 
          "type": "token", 
          "value": ":"
        }, 
        "\n    ", 
        {
          "contents": [
            {
              "id": "tid_5", 
              "type": "token", 
              "value": "pass"
            }
          ], 
          "id": "id_0", 
          "type": "Pass"
        }, 
        "\n\n", 
        {
          "contents": [
            "def foo(", 
            {
              "contents": [
                {
                  "ctx": "Param", 
                  "id": "id_0", 
                  "type": "Name", 
                  "value": "x"
                }, 
                {
                  "id": "tid_6", 
                  "type": "token", 
                  "value": ","
                }, 
                " ", 
                {
                  "ctx": "Param", 
                  "id": "id_0", 
                  "type": "Name", 
                  "value": "y"
                }, 
                {
                  "id": "tid_7", 
                  "type": "token", 
                  "value": ","
                }, 
                " ", 
                {
                  "ctx": "Param", 
                  "id": "id_0", 
                  "type": "Name", 
                  "value": "z"
                }
              ], 
              "id": "id_0", 
              "type": "arguments"
            }, 
            ")"
          ], 
          "id": "id_0", 
          "name": "foo", 
          "type": "FunctionDef"
        }, 
        {
          "id": "tid_8", 
          "type": "token", 
          "value": ":"
        }, 
        "\n    ", 
        {
          "contents": [
            {
              "id": "tid_9", 
              "type": "token", 
              "value": "pass"
            }
          ], 
          "id": "id_0", 
          "type": "Pass"
        }, 
        "\n\n", 
        {
          "contents": [
            "def foo(", 
            {
              "contents": [
                {
                  "ctx": "Param", 
                  "id": "id_0", 
                  "type": "Name", 
                  "value": "x"
                }, 
                {
                  "id": "tid_10", 
                  "type": "token", 
                  "value": ","
                }, 
                " ", 
                {
                  "ctx": "Param", 
                  "id": "id_0", 
                  "type": "Name", 
                  "value": "y"
                }, 
                {
                  "id": "tid_11", 
                  "type": "token", 
                  "value": "="
                }, 
                {
                  "id": "id_0", 
                  "type": "Num", 
                  "value": "10"
                }, 
                {
                  "id": "tid_12", 
                  "type": "token", 
                  "value": ","
                }, 
                " ", 
                {
                  "ctx": "Param", 
                  "id": "id_0", 
                  "type": "Name", 
                  "value": "z"
                }, 
                {
                  "id": "tid_13", 
                  "type": "token", 
                  "value": "="
                }, 
                {
                  "id": "id_0", 
                  "type": "Str", 
                  "value": "\"hello world\""
                }
              ], 
              "id": "id_0", 
              "type": "arguments"
            }, 
            ")"
          ], 
          "id": "id_0", 
          "name": "foo", 
          "type": "FunctionDef"
        }, 
        {
          "id": "tid_14", 
          "type": "token", 
          "value": ":"
        }, 
        "\n    ", 
        {
          "contents": [
            {
              "id": "tid_15", 
              "type": "token", 
              "value": "pass"
            }
          ], 
          "id": "id_0", 
          "type": "Pass"
        }, 
        "\n\n", 
        {
          "id": "id_0", 
          "name": "foo", 
          "type": "FunctionDef", 
          "value": "def foo(*x)"
        }, 
        {
          "id": "tid_16", 
          "type": "token", 
          "value": ":"
        }, 
        "\n    ", 
        {
          "contents": [
            {
              "id": "tid_17", 
              "type": "token", 
              "value": "pass"
            }
          ], 
          "id": "id_0", 
          "type": "Pass"
        }, 
        "\n\n", 
        {
          "contents": [
            "def foo(", 
            {
              "contents": [
                {
                  "ctx": "Param", 
                  "id": "id_0", 
                  "type": "Name", 
                  "value": "x"
                }
              ], 
              "id": "id_0", 
              "type": "arguments"
            }, 
            {
              "id": "tid_18", 
              "type": "token", 
              "value": ","
            }, 
            "\n\n\n        *y)"
          ], 
          "id": "id_0", 
          "name": "foo", 
          "type": "FunctionDef"
        }, 
        {
          "id": "tid_19", 
          "type": "token", 
          "value": ":"
        }, 
        "\n    ", 
        {
          "contents": [
            {
              "id": "tid_20", 
              "type": "token", 
              "value": "pass"
            }
          ], 
          "id": "id_0", 
          "type": "Pass"
        }, 
        "\n\n", 
        {
          "contents": [
            "def foo(", 
            {
              "contents": [
                {
                  "ctx": "Param", 
                  "id": "id_0", 
                  "type": "Name", 
                  "value": "x"
                }
              ], 
              "id": "id_0", 
              "type": "arguments"
            }, 
            ", *y, **z)"
          ], 
          "id": "id_0", 
          "name": "foo", 
          "type": "FunctionDef"
        }, 
        {
          "id": "tid_21", 
          "type": "token", 
          "value": ":"
        }, 
        "\n    ", 
        {
          "contents": [
            {
              "id": "tid_22", 
              "type": "token", 
              "value": "pass"
            }
          ], 
          "id": "id_0", 
          "type": "Pass"
        }, 
        "\n\n", 
        {
          "contents": [
            "def foo(", 
            {
              "contents": [
                {
                  "ctx": "Param", 
                  "id": "id_0", 
                  "type": "Name", 
                  "value": "xxx"
                }, 
                {
                  "id": "tid_23", 
                  "type": "token", 
                  "value": ","
                }, 
                "\n        ", 
                {
                  "ctx": "Param", 
                  "id": "id_0", 
                  "type": "Name", 
                  "value": "yyy"
                }, 
                {
                  "id": "tid_24", 
                  "type": "token", 
                  "value": "="
                }, 
                {
                  "id": "id_0", 
                  "type": "Str", 
                  "value": "'default arg'"
                }
              ], 
              "id": "id_0", 
              "type": "arguments"
            }, 
            ", *zzz,\n        **www)"
          ], 
          "id": "id_0", 
          "name": "foo", 
          "type": "FunctionDef"
        }, 
        {
          "id": "tid_25", 
          "type": "token", 
          "value": ":"
        }, 
        "\n    ", 
        {
          "contents": [
            {
              "id": "tid_26", 
              "type": "token", 
              "value": "pass"
            }
          ], 
          "id": "id_0", 
          "type": "Pass"
        }, 
        "\n\n", 
        {
          "contents": [
            "def foo(", 
            {
              "contents": [
                {
                  "ctx": "Param", 
                  "id": "id_0", 
                  "type": "Name", 
                  "value": "a"
                }, 
                {
                  "id": "tid_27", 
                  "type": "token", 
                  "value": "="
                }, 
                {
                  "id": "id_0", 
                  "type": "Num", 
                  "value": "1"
                }, 
                {
                  "id": "tid_28", 
                  "type": "token", 
                  "value": ","
                }, 
                "\n        ", 
                {
                  "ctx": "Param", 
                  "id": "id_0", 
                  "type": "Name", 
                  "value": "b"
                }, 
                {
                  "id": "tid_29", 
                  "type": "token", 
                  "value": "="
                }, 
                {
                  "id": "id_0", 
                  "type": "Num", 
                  "value": "2"
                }, 
                {
                  "id": "tid_30", 
                  "type": "token", 
                  "value": ","
                }, 
                "\n        ", 
                {
                  "ctx": "Param", 
                  "id": "id_0", 
                  "type": "Name", 
                  "value": "c"
                }, 
                {
                  "id": "tid_31", 
                  "type": "token", 
                  "value": "="
                }, 
                {
                  "id": "id_0", 
                  "type": "Num", 
                  "value": "3"
                }, 
                {
                  "id": "tid_32", 
                  "type": "token", 
                  "value": ","
                }, 
                {
                  "ctx": "Param", 
                  "id": "id_0", 
                  "type": "Name", 
                  "value": "d"
                }, 
                {
                  "id": "tid_33", 
                  "type": "token", 
                  "value": "="
                }, 
                {
                  "id": "id_0", 
                  "type": "Num", 
                  "value": "4"
                }
              ], 
              "id": "id_0", 
              "type": "arguments"
            }, 
            ",*x, **y)"
          ], 
          "id": "id_0", 
          "name": "foo", 
          "type": "FunctionDef"
        }, 
        {
          "id": "tid_34", 
          "type": "token", 
          "value": ":"
        }, 
        "\n    ", 
        {
          "contents": [
            {
              "id": "tid_35", 
              "type": "token", 
              "value": "pass"
            }
          ], 
          "id": "id_0", 
          "type": "Pass"
        }
      ], 
      "id": "id_0", 
      "type": "Module"
    }, 
    "\n"
  ], 
  "id": "id_ROOT", 
  "type": "ROOT_NODE"
}
