def foo(x, y, z):
    global a
    global b, c
    print a
    print b, c
===
Module
  body: [
    FunctionDef >> 'def foo(x, y, z)'
      name: 'foo'
      args: arguments
        args: [
          Name >> 'x'
            id: 'x'
            ctx: Param
          Name >> 'y'
            id: 'y'
            ctx: Param
          Name >> 'z'
            id: 'z'
            ctx: Param
        ]
        vararg: None
        kwarg: None
        defaults: [
        ]
      body: [
        Global >> 'global a'
          names: [
'a'
          ]
        Global >> 'global b, c'
          names: [
'b'
'c'
          ]
        Print >> 'print a'
          dest: None
          values: [
            Name >> 'a'
              id: 'a'
              ctx: Load
          ]
          nl: True
        Print >> 'print b, c'
          dest: None
          values: [
            Name >> 'b'
              id: 'b'
              ctx: Load
            Name >> 'c'
              id: 'c'
              ctx: Load
          ]
          nl: True
      ]
      decorator_list: [
      ]
  ]
--- JSON ---
{
  "contents": [
    {
      "contents": [
        {
          "contents": [
            "def foo(", 
            {
              "contents": [
                {
                  "ctx": "Param", 
                  "id": "id_0", 
                  "name": "Name", 
                  "value": "x"
                }, 
                {
                  "id": "tid_1", 
                  "name": "token", 
                  "value": ","
                }, 
                " ", 
                {
                  "ctx": "Param", 
                  "id": "id_0", 
                  "name": "Name", 
                  "value": "y"
                }, 
                {
                  "id": "tid_2", 
                  "name": "token", 
                  "value": ","
                }, 
                " ", 
                {
                  "ctx": "Param", 
                  "id": "id_0", 
                  "name": "Name", 
                  "value": "z"
                }
              ], 
              "id": "id_0", 
              "name": "arguments"
            }, 
            ")"
          ], 
          "id": "id_0", 
          "name": "FunctionDef"
        }, 
        {
          "id": "tid_3", 
          "name": "token", 
          "value": ":"
        }, 
        "\n    ", 
        {
          "id": "id_0", 
          "name": "Global", 
          "value": "global a"
        }, 
        "\n    ", 
        {
          "id": "id_0", 
          "name": "Global", 
          "value": "global b, c"
        }, 
        "\n    ", 
        {
          "contents": [
            {
              "id": "tid_4", 
              "name": "token", 
              "value": "print"
            }, 
            " ", 
            {
              "ctx": "Load", 
              "id": "id_0", 
              "name": "Name", 
              "value": "a"
            }
          ], 
          "id": "id_0", 
          "name": "Print"
        }, 
        "\n    ", 
        {
          "contents": [
            {
              "id": "tid_5", 
              "name": "token", 
              "value": "print"
            }, 
            " ", 
            {
              "ctx": "Load", 
              "id": "id_0", 
              "name": "Name", 
              "value": "b"
            }, 
            {
              "id": "tid_6", 
              "name": "token", 
              "value": ","
            }, 
            " ", 
            {
              "ctx": "Load", 
              "id": "id_0", 
              "name": "Name", 
              "value": "c"
            }
          ], 
          "id": "id_0", 
          "name": "Print"
        }
      ], 
      "id": "id_0", 
      "name": "Module"
    }, 
    "\n"
  ], 
  "id": "id_ROOT", 
  "name": "ROOT_NODE"
}
