i
name
my_first_name
PLANCK_CONSTANT
MyAwesomeClass
card
Card
_private_attr
javaStyle
__super_private
__init__
===
Module
  body: [
    Expr
      value: Name >> 'i'
        id: 'i'
        ctx: Load
    Expr
      value: Name >> 'name'
        id: 'name'
        ctx: Load
    Expr
      value: Name >> 'my_first_name'
        id: 'my_first_name'
        ctx: Load
    Expr
      value: Name >> 'PLANCK_CONSTANT'
        id: 'PLANCK_CONSTANT'
        ctx: Load
    Expr
      value: Name >> 'MyAwesomeClass'
        id: 'MyAwesomeClass'
        ctx: Load
    Expr
      value: Name >> 'card'
        id: 'card'
        ctx: Load
    Expr
      value: Name >> 'Card'
        id: 'Card'
        ctx: Load
    Expr
      value: Name >> '_private_attr'
        id: '_private_attr'
        ctx: Load
    Expr
      value: Name >> 'javaStyle'
        id: 'javaStyle'
        ctx: Load
    Expr
      value: Name >> '__super_private'
        id: '__super_private'
        ctx: Load
    Expr
      value: Name >> '__init__'
        id: '__init__'
        ctx: Load
  ]
--- JSON ---
{
  "contents": [
    {
      "contents": [
        {
          "contents": [
            {
              "contents": [
                "i"
              ], 
              "id": "id_0", 
              "name": "Name"
            }
          ], 
          "id": "id_0", 
          "name": "Expr"
        }, 
        "\n", 
        {
          "contents": [
            {
              "contents": [
                "name"
              ], 
              "id": "id_0", 
              "name": "Name"
            }
          ], 
          "id": "id_0", 
          "name": "Expr"
        }, 
        "\n", 
        {
          "contents": [
            {
              "contents": [
                "my_first_name"
              ], 
              "id": "id_0", 
              "name": "Name"
            }
          ], 
          "id": "id_0", 
          "name": "Expr"
        }, 
        "\n", 
        {
          "contents": [
            {
              "contents": [
                "PLANCK_CONSTANT"
              ], 
              "id": "id_0", 
              "name": "Name"
            }
          ], 
          "id": "id_0", 
          "name": "Expr"
        }, 
        "\n", 
        {
          "contents": [
            {
              "contents": [
                "MyAwesomeClass"
              ], 
              "id": "id_0", 
              "name": "Name"
            }
          ], 
          "id": "id_0", 
          "name": "Expr"
        }, 
        "\n", 
        {
          "contents": [
            {
              "contents": [
                "card"
              ], 
              "id": "id_0", 
              "name": "Name"
            }
          ], 
          "id": "id_0", 
          "name": "Expr"
        }, 
        "\n", 
        {
          "contents": [
            {
              "contents": [
                "Card"
              ], 
              "id": "id_0", 
              "name": "Name"
            }
          ], 
          "id": "id_0", 
          "name": "Expr"
        }, 
        "\n", 
        {
          "contents": [
            {
              "contents": [
                "_private_attr"
              ], 
              "id": "id_0", 
              "name": "Name"
            }
          ], 
          "id": "id_0", 
          "name": "Expr"
        }, 
        "\n", 
        {
          "contents": [
            {
              "contents": [
                "javaStyle"
              ], 
              "id": "id_0", 
              "name": "Name"
            }
          ], 
          "id": "id_0", 
          "name": "Expr"
        }, 
        "\n", 
        {
          "contents": [
            {
              "contents": [
                "__super_private"
              ], 
              "id": "id_0", 
              "name": "Name"
            }
          ], 
          "id": "id_0", 
          "name": "Expr"
        }, 
        "\n", 
        {
          "contents": [
            {
              "contents": [
                "__init__"
              ], 
              "id": "id_0", 
              "name": "Name"
            }
          ], 
          "id": "id_0", 
          "name": "Expr"
        }
      ], 
      "id": "id_0", 
      "name": "Module"
    }, 
    "\n"
  ], 
  "id": "id_ROOT", 
  "name": "ROOT_NODE"
}
